Mar 15 22:37:00 argente-VirtualBox kernel: Linux version 5.19.0-35-generic (buildd@lcy02-amd64-020) (x86_64-linux-gnu-gcc (Ubuntu 11.3.0-1ubuntu1~22.04) 11.3.0, GNU ld (GNU Binutils for Ubuntu) 2.38) #36~22.04.1-Ubuntu SMP PREEMPT_DYNAMIC Fri Feb 17 15:17:25 UTC 2 (Ubuntu 5.19.0-35.36~22.04.1-generic 5.19.17)
Mar 15 22:37:00 argente-VirtualBox kernel: Command line: BOOT_IMAGE=/boot/vmlinuz-5.19.0-35-generic root=UUID=cd8f91af-1340-4b7c-bf7d-465119f27806 ro quiet splash
Mar 15 22:37:00 argente-VirtualBox kernel: KERNEL supported cpus:
Mar 15 22:37:00 argente-VirtualBox kernel:   Intel GenuineIntel
Mar 15 22:37:00 argente-VirtualBox kernel:   AMD AuthenticAMD
Mar 15 22:37:00 argente-VirtualBox kernel:   Hygon HygonGenuine
Mar 15 22:37:00 argente-VirtualBox kernel:   Centaur CentaurHauls
Mar 15 22:37:00 argente-VirtualBox kernel:   zhaoxin   Shanghai  
Mar 15 22:37:00 argente-VirtualBox kernel: [Firmware Bug]: TSC doesn't count with P0 frequency!
Mar 15 22:37:00 argente-VirtualBox kernel: x86/fpu: Supporting XSAVE feature 0x001: 'x87 floating point registers'
Mar 15 22:37:00 argente-VirtualBox kernel: x86/fpu: Supporting XSAVE feature 0x002: 'SSE registers'
Mar 15 22:37:00 argente-VirtualBox kernel: x86/fpu: Supporting XSAVE feature 0x004: 'AVX registers'
Mar 15 22:37:00 argente-VirtualBox kernel: x86/fpu: xstate_offset[2]:  576, xstate_sizes[2]:  256
Mar 15 22:37:00 argente-VirtualBox kernel: x86/fpu: Enabled xstate features 0x7, context size is 832 bytes, using 'standard' format.
Mar 15 22:37:00 argente-VirtualBox kernel: signal: max sigframe size: 1776
Mar 15 22:37:00 argente-VirtualBox kernel: BIOS-provided physical RAM map:
Mar 15 22:37:00 argente-VirtualBox kernel: BIOS-e820: [mem 0x0000000000000000-0x000000000009fbff] usable
Mar 15 22:37:00 argente-VirtualBox kernel: BIOS-e820: [mem 0x000000000009fc00-0x000000000009ffff] reserved
Mar 15 22:37:00 argente-VirtualBox kernel: BIOS-e820: [mem 0x00000000000f0000-0x00000000000fffff] reserved
Mar 15 22:37:00 argente-VirtualBox kernel: BIOS-e820: [mem 0x0000000000100000-0x00000000dffeffff] usable
Mar 15 22:37:00 argente-VirtualBox kernel: BIOS-e820: [mem 0x00000000dfff0000-0x00000000dfffffff] ACPI data
Mar 15 22:37:00 argente-VirtualBox kernel: BIOS-e820: [mem 0x00000000fec00000-0x00000000fec00fff] reserved
Mar 15 22:37:00 argente-VirtualBox kernel: BIOS-e820: [mem 0x00000000fee00000-0x00000000fee00fff] reserved
Mar 15 22:37:00 argente-VirtualBox kernel: BIOS-e820: [mem 0x00000000fffc0000-0x00000000ffffffff] reserved
Mar 15 22:37:00 argente-VirtualBox kernel: BIOS-e820: [mem 0x0000000100000000-0x000000021fffffff] usable
Mar 15 22:37:00 argente-VirtualBox kernel: NX (Execute Disable) protection: active
Mar 15 22:37:00 argente-VirtualBox kernel: SMBIOS 2.5 present.
Mar 15 22:37:00 argente-VirtualBox kernel: DMI: innotek GmbH VirtualBox/VirtualBox, BIOS VirtualBox 12/01/2006
Mar 15 22:37:00 argente-VirtualBox kernel: Hypervisor detected: KVM
Mar 15 22:37:00 argente-VirtualBox kernel: kvm-clock: Using msrs 4b564d01 and 4b564d00
Mar 15 22:37:00 argente-VirtualBox kernel: kvm-clock: using sched offset of 4261604586 cycles
Mar 15 22:37:00 argente-VirtualBox kernel: clocksource: kvm-clock: mask: 0xffffffffffffffff max_cycles: 0x1cd42e4dffb, max_idle_ns: 881590591483 ns
Mar 15 22:37:00 argente-VirtualBox kernel: tsc: Detected 3400.002 MHz processor
Mar 15 22:37:00 argente-VirtualBox kernel: e820: update [mem 0x00000000-0x00000fff] usable ==> reserved
Mar 15 22:37:00 argente-VirtualBox kernel: e820: remove [mem 0x000a0000-0x000fffff] usable
Mar 15 22:37:00 argente-VirtualBox kernel: last_pfn = 0x220000 max_arch_pfn = 0x400000000
Mar 15 22:37:00 argente-VirtualBox kernel: Disabled
Mar 15 22:37:00 argente-VirtualBox kernel: x86/PAT: MTRRs disabled, skipping PAT initialization too.
Mar 15 22:37:00 argente-VirtualBox kernel: CPU MTRRs all blank - virtualized system.
Mar 15 22:37:00 argente-VirtualBox kernel: x86/PAT: Configuration [0-7]: WB  WT  UC- UC  WB  WT  UC- UC  
Mar 15 22:37:00 argente-VirtualBox kernel: last_pfn = 0xdfff0 max_arch_pfn = 0x400000000
Mar 15 22:37:00 argente-VirtualBox kernel: found SMP MP-table at [mem 0x0009fff0-0x0009ffff]
Mar 15 22:37:00 argente-VirtualBox kernel: RAMDISK: [mem 0x2f83f000-0x33c16fff]
Mar 15 22:37:00 argente-VirtualBox kernel: ACPI: Early table checksum verification disabled
Mar 15 22:37:00 argente-VirtualBox kernel: ACPI: RSDP 0x00000000000E0000 000024 (v02 VBOX  )
Mar 15 22:37:00 argente-VirtualBox kernel: ACPI: XSDT 0x00000000DFFF0030 00003C (v01 VBOX   VBOXXSDT 00000001 ASL  00000061)
Mar 15 22:37:00 argente-VirtualBox kernel: ACPI: FACP 0x00000000DFFF00F0 0000F4 (v04 VBOX   VBOXFACP 00000001 ASL  00000061)
Mar 15 22:37:00 argente-VirtualBox kernel: ACPI: DSDT 0x00000000DFFF0610 002353 (v02 VBOX   VBOXBIOS 00000002 INTL 20100528)
Mar 15 22:37:00 argente-VirtualBox kernel: ACPI: FACS 0x00000000DFFF0200 000040
Mar 15 22:37:00 argente-VirtualBox kernel: ACPI: FACS 0x00000000DFFF0200 000040
Mar 15 22:37:00 argente-VirtualBox kernel: ACPI: APIC 0x00000000DFFF0240 000054 (v02 VBOX   VBOXAPIC 00000001 ASL  00000061)
Mar 15 22:37:00 argente-VirtualBox kernel: ACPI: SSDT 0x00000000DFFF02A0 00036C (v01 VBOX   VBOXCPUT 00000002 INTL 20100528)
Mar 15 22:37:00 argente-VirtualBox kernel: ACPI: Reserving FACP table memory at [mem 0xdfff00f0-0xdfff01e3]
Mar 15 22:37:00 argente-VirtualBox kernel: ACPI: Reserving DSDT table memory at [mem 0xdfff0610-0xdfff2962]
Mar 15 22:37:00 argente-VirtualBox kernel: ACPI: Reserving FACS table memory at [mem 0xdfff0200-0xdfff023f]
Mar 15 22:37:00 argente-VirtualBox kernel: ACPI: Reserving FACS table memory at [mem 0xdfff0200-0xdfff023f]
Mar 15 22:37:00 argente-VirtualBox kernel: ACPI: Reserving APIC table memory at [mem 0xdfff0240-0xdfff0293]
Mar 15 22:37:00 argente-VirtualBox kernel: ACPI: Reserving SSDT table memory at [mem 0xdfff02a0-0xdfff060b]
Mar 15 22:37:00 argente-VirtualBox kernel: No NUMA configuration found
Mar 15 22:37:00 argente-VirtualBox kernel: Faking a node at [mem 0x0000000000000000-0x000000021fffffff]
Mar 15 22:37:00 argente-VirtualBox kernel: NODE_DATA(0) allocated [mem 0x21ffd1000-0x21fffbfff]
Mar 15 22:37:00 argente-VirtualBox kernel: Zone ranges:
Mar 15 22:37:00 argente-VirtualBox kernel:   DMA      [mem 0x0000000000001000-0x0000000000ffffff]
Mar 15 22:37:00 argente-VirtualBox kernel:   DMA32    [mem 0x0000000001000000-0x00000000ffffffff]
Mar 15 22:37:00 argente-VirtualBox kernel:   Normal   [mem 0x0000000100000000-0x000000021fffffff]
Mar 15 22:37:00 argente-VirtualBox kernel:   Device   empty
Mar 15 22:37:00 argente-VirtualBox kernel: Movable zone start for each node
Mar 15 22:37:00 argente-VirtualBox kernel: Early memory node ranges
Mar 15 22:37:00 argente-VirtualBox kernel:   node   0: [mem 0x0000000000001000-0x000000000009efff]
Mar 15 22:37:00 argente-VirtualBox kernel:   node   0: [mem 0x0000000000100000-0x00000000dffeffff]
Mar 15 22:37:00 argente-VirtualBox kernel:   node   0: [mem 0x0000000100000000-0x000000021fffffff]
Mar 15 22:37:00 argente-VirtualBox kernel: Initmem setup node 0 [mem 0x0000000000001000-0x000000021fffffff]
Mar 15 22:37:00 argente-VirtualBox kernel: On node 0, zone DMA: 1 pages in unavailable ranges
Mar 15 22:37:00 argente-VirtualBox kernel: On node 0, zone DMA: 97 pages in unavailable ranges
Mar 15 22:37:00 argente-VirtualBox kernel: On node 0, zone Normal: 16 pages in unavailable ranges
Mar 15 22:37:00 argente-VirtualBox kernel: ACPI: PM-Timer IO Port: 0x4008
Mar 15 22:37:00 argente-VirtualBox kernel: IOAPIC[0]: apic_id 1, version 32, address 0xfec00000, GSI 0-23
Mar 15 22:37:00 argente-VirtualBox kernel: ACPI: INT_SRC_OVR (bus 0 bus_irq 0 global_irq 2 dfl dfl)
Mar 15 22:37:00 argente-VirtualBox kernel: ACPI: INT_SRC_OVR (bus 0 bus_irq 9 global_irq 9 low level)
Mar 15 22:37:00 argente-VirtualBox kernel: ACPI: Using ACPI (MADT) for SMP configuration information
Mar 15 22:37:00 argente-VirtualBox kernel: smpboot: Allowing 1 CPUs, 0 hotplug CPUs
Mar 15 22:37:00 argente-VirtualBox kernel: PM: hibernation: Registered nosave memory: [mem 0x00000000-0x00000fff]
Mar 15 22:37:00 argente-VirtualBox kernel: PM: hibernation: Registered nosave memory: [mem 0x0009f000-0x0009ffff]
Mar 15 22:37:00 argente-VirtualBox kernel: PM: hibernation: Registered nosave memory: [mem 0x000a0000-0x000effff]
Mar 15 22:37:00 argente-VirtualBox kernel: PM: hibernation: Registered nosave memory: [mem 0x000f0000-0x000fffff]
Mar 15 22:37:00 argente-VirtualBox kernel: PM: hibernation: Registered nosave memory: [mem 0xdfff0000-0xdfffffff]
Mar 15 22:37:00 argente-VirtualBox kernel: PM: hibernation: Registered nosave memory: [mem 0xe0000000-0xfebfffff]
Mar 15 22:37:00 argente-VirtualBox kernel: PM: hibernation: Registered nosave memory: [mem 0xfec00000-0xfec00fff]
Mar 15 22:37:00 argente-VirtualBox kernel: PM: hibernation: Registered nosave memory: [mem 0xfec01000-0xfedfffff]
Mar 15 22:37:00 argente-VirtualBox kernel: PM: hibernation: Registered nosave memory: [mem 0xfee00000-0xfee00fff]
Mar 15 22:37:00 argente-VirtualBox kernel: PM: hibernation: Registered nosave memory: [mem 0xfee01000-0xfffbffff]
Mar 15 22:37:00 argente-VirtualBox kernel: PM: hibernation: Registered nosave memory: [mem 0xfffc0000-0xffffffff]
Mar 15 22:37:00 argente-VirtualBox kernel: [mem 0xe0000000-0xfebfffff] available for PCI devices
Mar 15 22:37:00 argente-VirtualBox kernel: Booting paravirtualized kernel on KVM
Mar 15 22:37:00 argente-VirtualBox kernel: clocksource: refined-jiffies: mask: 0xffffffff max_cycles: 0xffffffff, max_idle_ns: 7645519600211568 ns
Mar 15 22:37:00 argente-VirtualBox kernel: setup_percpu: NR_CPUS:8192 nr_cpumask_bits:1 nr_cpu_ids:1 nr_node_ids:1
Mar 15 22:37:00 argente-VirtualBox kernel: percpu: Embedded 61 pages/cpu s212992 r8192 d28672 u2097152
Mar 15 22:37:00 argente-VirtualBox kernel: pcpu-alloc: s212992 r8192 d28672 u2097152 alloc=1*2097152
Mar 15 22:37:00 argente-VirtualBox kernel: pcpu-alloc: [0] 0 
Mar 15 22:37:00 argente-VirtualBox kernel: kvm-guest: PV spinlocks disabled, single CPU
Mar 15 22:37:00 argente-VirtualBox kernel: Fallback order for Node 0: 0 
Mar 15 22:37:00 argente-VirtualBox kernel: Built 1 zonelists, mobility grouping on.  Total pages: 2064112
Mar 15 22:37:00 argente-VirtualBox kernel: Policy zone: Normal
Mar 15 22:37:00 argente-VirtualBox kernel: Kernel command line: BOOT_IMAGE=/boot/vmlinuz-5.19.0-35-generic root=UUID=cd8f91af-1340-4b7c-bf7d-465119f27806 ro quiet splash
Mar 15 22:37:00 argente-VirtualBox kernel: Unknown kernel command line parameters "splash BOOT_IMAGE=/boot/vmlinuz-5.19.0-35-generic", will be passed to user space.
Mar 15 22:37:00 argente-VirtualBox kernel: Dentry cache hash table entries: 1048576 (order: 11, 8388608 bytes, linear)
Mar 15 22:37:00 argente-VirtualBox kernel: Inode-cache hash table entries: 524288 (order: 10, 4194304 bytes, linear)
Mar 15 22:37:00 argente-VirtualBox kernel: mem auto-init: stack:off, heap alloc:on, heap free:off
Mar 15 22:37:00 argente-VirtualBox kernel: Memory: 8062516K/8388152K available (18440K kernel code, 4050K rwdata, 11288K rodata, 3168K init, 4908K bss, 325376K reserved, 0K cma-reserved)
Mar 15 22:37:00 argente-VirtualBox kernel: SLUB: HWalign=64, Order=0-3, MinObjects=0, CPUs=1, Nodes=1
Mar 15 22:37:00 argente-VirtualBox kernel: ftrace: allocating 52174 entries in 204 pages
Mar 15 22:37:00 argente-VirtualBox kernel: ftrace: allocated 204 pages with 4 groups
Mar 15 22:37:00 argente-VirtualBox kernel: Dynamic Preempt: voluntary
Mar 15 22:37:00 argente-VirtualBox kernel: rcu: Preemptible hierarchical RCU implementation.
Mar 15 22:37:00 argente-VirtualBox kernel: rcu:         RCU restricting CPUs from NR_CPUS=8192 to nr_cpu_ids=1.
Mar 15 22:37:00 argente-VirtualBox kernel:         Trampoline variant of Tasks RCU enabled.
Mar 15 22:37:00 argente-VirtualBox kernel:         Rude variant of Tasks RCU enabled.
Mar 15 22:37:00 argente-VirtualBox kernel:         Tracing variant of Tasks RCU enabled.
Mar 15 22:37:00 argente-VirtualBox kernel: rcu: RCU calculated value of scheduler-enlistment delay is 25 jiffies.
Mar 15 22:37:00 argente-VirtualBox kernel: rcu: Adjusting geometry for rcu_fanout_leaf=16, nr_cpu_ids=1
Mar 15 22:37:00 argente-VirtualBox kernel: NR_IRQS: 524544, nr_irqs: 256, preallocated irqs: 16
Mar 15 22:37:00 argente-VirtualBox kernel: rcu: srcu_init: Setting srcu_struct sizes based on contention.
Mar 15 22:37:00 argente-VirtualBox kernel: random: crng init done
Mar 15 22:37:00 argente-VirtualBox kernel: Console: colour VGA+ 80x25
Mar 15 22:37:00 argente-VirtualBox kernel: printk: console [tty0] enabled
Mar 15 22:37:00 argente-VirtualBox kernel: ACPI: Core revision 20220331
Mar 15 22:37:00 argente-VirtualBox kernel: APIC: Switch to symmetric I/O mode setup
Mar 15 22:37:00 argente-VirtualBox kernel: x2apic enabled
Mar 15 22:37:00 argente-VirtualBox kernel: Switched APIC routing to physical x2apic.
Mar 15 22:37:00 argente-VirtualBox kernel: ..TIMER: vector=0x30 apic1=0 pin1=2 apic2=-1 pin2=-1
Mar 15 22:37:00 argente-VirtualBox kernel: clocksource: tsc-early: mask: 0xffffffffffffffff max_cycles: 0x31025119198, max_idle_ns: 440795368506 ns
Mar 15 22:37:00 argente-VirtualBox kernel: Calibrating delay loop (skipped) preset value.. 6800.00 BogoMIPS (lpj=13600008)
Mar 15 22:37:00 argente-VirtualBox kernel: pid_max: default: 32768 minimum: 301
Mar 15 22:37:00 argente-VirtualBox kernel: LSM: Security Framework initializing
Mar 15 22:37:00 argente-VirtualBox kernel: landlock: Up and running.
Mar 15 22:37:00 argente-VirtualBox kernel: Yama: becoming mindful.
Mar 15 22:37:00 argente-VirtualBox kernel: AppArmor: AppArmor initialized
Mar 15 22:37:00 argente-VirtualBox kernel: Mount-cache hash table entries: 16384 (order: 5, 131072 bytes, linear)
Mar 15 22:37:00 argente-VirtualBox kernel: Mountpoint-cache hash table entries: 16384 (order: 5, 131072 bytes, linear)
Mar 15 22:37:00 argente-VirtualBox kernel: CPU0: Hyper-Threading is disabled
Mar 15 22:37:00 argente-VirtualBox kernel: Last level iTLB entries: 4KB 1024, 2MB 1024, 4MB 512
Mar 15 22:37:00 argente-VirtualBox kernel: Last level dTLB entries: 4KB 1536, 2MB 1536, 4MB 768, 1GB 0
Mar 15 22:37:00 argente-VirtualBox kernel: Spectre V1 : Mitigation: usercopy/swapgs barriers and __user pointer sanitization
Mar 15 22:37:00 argente-VirtualBox kernel: Spectre V2 : Mitigation: Retpolines
Mar 15 22:37:00 argente-VirtualBox kernel: Spectre V2 : Spectre v2 / SpectreRSB mitigation: Filling RSB on context switch
Mar 15 22:37:00 argente-VirtualBox kernel: Spectre V2 : Spectre v2 / SpectreRSB : Filling RSB on VMEXIT
Mar 15 22:37:00 argente-VirtualBox kernel: RETBleed: Mitigation: untrained return thunk
Mar 15 22:37:00 argente-VirtualBox kernel: Freeing SMP alternatives memory: 44K
Mar 15 22:37:00 argente-VirtualBox kernel: smpboot: CPU0: AMD Ryzen 5 2600 Six-Core Processor (family: 0x17, model: 0x8, stepping: 0x2)
Mar 15 22:37:00 argente-VirtualBox kernel: cblist_init_generic: Setting adjustable number of callback queues.
Mar 15 22:37:00 argente-VirtualBox kernel: cblist_init_generic: Setting shift to 0 and lim to 1.
Mar 15 22:37:00 argente-VirtualBox kernel: cblist_init_generic: Setting shift to 0 and lim to 1.
Mar 15 22:37:00 argente-VirtualBox kernel: cblist_init_generic: Setting shift to 0 and lim to 1.
Mar 15 22:37:00 argente-VirtualBox kernel: Performance Events: PMU not available due to virtualization, using software events only.
Mar 15 22:37:00 argente-VirtualBox kernel: rcu: Hierarchical SRCU implementation.
Mar 15 22:37:00 argente-VirtualBox kernel: rcu:         Max phase no-delay instances is 1000.
Mar 15 22:37:00 argente-VirtualBox kernel: NMI watchdog: Perf NMI watchdog permanently disabled
Mar 15 22:37:00 argente-VirtualBox kernel: smp: Bringing up secondary CPUs ...
Mar 15 22:37:00 argente-VirtualBox kernel: smp: Brought up 1 node, 1 CPU
Mar 15 22:37:00 argente-VirtualBox kernel: smpboot: Max logical packages: 1
Mar 15 22:37:00 argente-VirtualBox kernel: smpboot: Total of 1 processors activated (6800.00 BogoMIPS)
Mar 15 22:37:00 argente-VirtualBox kernel: devtmpfs: initialized
Mar 15 22:37:00 argente-VirtualBox kernel: x86/mm: Memory block size: 128MB
Mar 15 22:37:00 argente-VirtualBox kernel: clocksource: jiffies: mask: 0xffffffff max_cycles: 0xffffffff, max_idle_ns: 7645041785100000 ns
Mar 15 22:37:00 argente-VirtualBox kernel: futex hash table entries: 256 (order: 2, 16384 bytes, linear)
Mar 15 22:37:00 argente-VirtualBox kernel: pinctrl core: initialized pinctrl subsystem
Mar 15 22:37:00 argente-VirtualBox kernel: PM: RTC time: 14:36:58, date: 2023-03-15
Mar 15 22:37:00 argente-VirtualBox kernel: NET: Registered PF_NETLINK/PF_ROUTE protocol family
Mar 15 22:37:00 argente-VirtualBox kernel: DMA: preallocated 1024 KiB GFP_KERNEL pool for atomic allocations
Mar 15 22:37:00 argente-VirtualBox kernel: DMA: preallocated 1024 KiB GFP_KERNEL|GFP_DMA pool for atomic allocations
Mar 15 22:37:00 argente-VirtualBox kernel: DMA: preallocated 1024 KiB GFP_KERNEL|GFP_DMA32 pool for atomic allocations
Mar 15 22:37:00 argente-VirtualBox kernel: audit: initializing netlink subsys (disabled)
Mar 15 22:37:00 argente-VirtualBox kernel: thermal_sys: Registered thermal governor 'fair_share'
Mar 15 22:37:00 argente-VirtualBox kernel: thermal_sys: Registered thermal governor 'bang_bang'
Mar 15 22:37:00 argente-VirtualBox kernel: thermal_sys: Registered thermal governor 'step_wise'
Mar 15 22:37:00 argente-VirtualBox kernel: thermal_sys: Registered thermal governor 'user_space'
Mar 15 22:37:00 argente-VirtualBox kernel: thermal_sys: Registered thermal governor 'power_allocator'
Mar 15 22:37:00 argente-VirtualBox kernel: EISA bus registered
Mar 15 22:37:00 argente-VirtualBox kernel: cpuidle: using governor ladder
Mar 15 22:37:00 argente-VirtualBox kernel: cpuidle: using governor menu
Mar 15 22:37:00 argente-VirtualBox kernel: acpiphp: ACPI Hot Plug PCI Controller Driver version: 0.5
Mar 15 22:37:00 argente-VirtualBox kernel: PCI: Using configuration type 1 for base access
Mar 15 22:37:00 argente-VirtualBox kernel: PCI: Using configuration type 1 for extended access
Mar 15 22:37:00 argente-VirtualBox kernel: kprobes: kprobe jump-optimization is enabled. All kprobes are optimized if possible.
Mar 15 22:37:00 argente-VirtualBox kernel: audit: type=2000 audit(1678891021.593:1): state=initialized audit_enabled=0 res=1
Mar 15 22:37:00 argente-VirtualBox kernel: HugeTLB: can optimize 7 vmemmap pages for hugepages-2048kB
Mar 15 22:37:00 argente-VirtualBox kernel: HugeTLB registered 2.00 MiB page size, pre-allocated 0 pages
Mar 15 22:37:00 argente-VirtualBox kernel: ACPI: Added _OSI(Module Device)
Mar 15 22:37:00 argente-VirtualBox kernel: ACPI: Added _OSI(Processor Device)
Mar 15 22:37:00 argente-VirtualBox kernel: ACPI: Added _OSI(3.0 _SCP Extensions)
Mar 15 22:37:00 argente-VirtualBox kernel: ACPI: Added _OSI(Processor Aggregator Device)
Mar 15 22:37:00 argente-VirtualBox kernel: ACPI: Added _OSI(Linux-Dell-Video)
Mar 15 22:37:00 argente-VirtualBox kernel: ACPI: Added _OSI(Linux-Lenovo-NV-HDMI-Audio)
Mar 15 22:37:00 argente-VirtualBox kernel: ACPI: Added _OSI(Linux-HPI-Hybrid-Graphics)
Mar 15 22:37:00 argente-VirtualBox kernel: ACPI: 2 ACPI AML tables successfully acquired and loaded
Mar 15 22:37:00 argente-VirtualBox kernel: ACPI: Interpreter enabled
Mar 15 22:37:00 argente-VirtualBox kernel: ACPI: PM: (supports S0 S5)
Mar 15 22:37:00 argente-VirtualBox kernel: ACPI: Using IOAPIC for interrupt routing
Mar 15 22:37:00 argente-VirtualBox kernel: PCI: Using host bridge windows from ACPI; if necessary, use "pci=nocrs" and report a bug
Mar 15 22:37:00 argente-VirtualBox kernel: PCI: Using E820 reservations for host bridge windows
Mar 15 22:37:00 argente-VirtualBox kernel: ACPI: Enabled 2 GPEs in block 00 to 07
Mar 15 22:37:00 argente-VirtualBox kernel: ACPI: PCI Root Bridge [PCI0] (domain 0000 [bus 00-ff])
Mar 15 22:37:00 argente-VirtualBox kernel: acpi PNP0A03:00: _OSC: OS supports [ExtendedConfig ASPM ClockPM Segments MSI EDR HPX-Type3]
Mar 15 22:37:00 argente-VirtualBox kernel: acpi PNP0A03:00: _OSC: platform does not support [PCIeCapability LTR DPC]
Mar 15 22:37:00 argente-VirtualBox kernel: acpi PNP0A03:00: _OSC: not requesting control; platform does not support [PCIeCapability]
Mar 15 22:37:00 argente-VirtualBox kernel: acpi PNP0A03:00: _OSC: OS requested [PCIeHotplug SHPCHotplug PME AER PCIeCapability LTR DPC]
Mar 15 22:37:00 argente-VirtualBox kernel: acpi PNP0A03:00: _OSC: platform willing to grant [PCIeHotplug SHPCHotplug PME AER]
Mar 15 22:37:00 argente-VirtualBox kernel: acpi PNP0A03:00: _OSC: platform retains control of PCIe features (AE_SUPPORT)
Mar 15 22:37:00 argente-VirtualBox kernel: PCI host bridge to bus 0000:00
Mar 15 22:37:00 argente-VirtualBox kernel: pci_bus 0000:00: root bus resource [io  0x0000-0x0cf7 window]
Mar 15 22:37:00 argente-VirtualBox kernel: pci_bus 0000:00: root bus resource [io  0x0d00-0xffff window]
Mar 15 22:37:00 argente-VirtualBox kernel: pci_bus 0000:00: root bus resource [mem 0x000a0000-0x000bffff window]
Mar 15 22:37:00 argente-VirtualBox kernel: pci_bus 0000:00: root bus resource [mem 0xe0000000-0xfdffffff window]
Mar 15 22:37:00 argente-VirtualBox kernel: pci_bus 0000:00: root bus resource [bus 00-ff]
Mar 15 22:37:00 argente-VirtualBox kernel: pci 0000:00:00.0: [8086:1237] type 00 class 0x060000
Mar 15 22:37:00 argente-VirtualBox kernel: pci 0000:00:01.0: [8086:7000] type 00 class 0x060100
Mar 15 22:37:00 argente-VirtualBox kernel: pci 0000:00:01.1: [8086:7111] type 00 class 0x01018a
Mar 15 22:37:00 argente-VirtualBox kernel: pci 0000:00:01.1: reg 0x20: [io  0xd000-0xd00f]
Mar 15 22:37:00 argente-VirtualBox kernel: pci 0000:00:01.1: legacy IDE quirk: reg 0x10: [io  0x01f0-0x01f7]
Mar 15 22:37:00 argente-VirtualBox kernel: pci 0000:00:01.1: legacy IDE quirk: reg 0x14: [io  0x03f6]
Mar 15 22:37:00 argente-VirtualBox kernel: pci 0000:00:01.1: legacy IDE quirk: reg 0x18: [io  0x0170-0x0177]
Mar 15 22:37:00 argente-VirtualBox kernel: pci 0000:00:01.1: legacy IDE quirk: reg 0x1c: [io  0x0376]
Mar 15 22:37:00 argente-VirtualBox kernel: pci 0000:00:02.0: [15ad:0405] type 00 class 0x030000
Mar 15 22:37:00 argente-VirtualBox kernel: pci 0000:00:02.0: reg 0x10: [io  0xd010-0xd01f]
Mar 15 22:37:00 argente-VirtualBox kernel: pci 0000:00:02.0: reg 0x14: [mem 0xe0000000-0xe0ffffff pref]
Mar 15 22:37:00 argente-VirtualBox kernel: pci 0000:00:02.0: reg 0x18: [mem 0xf0000000-0xf01fffff]
Mar 15 22:37:00 argente-VirtualBox kernel: pci 0000:00:02.0: Video device with shadowed ROM at [mem 0x000c0000-0x000dffff]
Mar 15 22:37:00 argente-VirtualBox kernel: pci 0000:00:03.0: [8086:100e] type 00 class 0x020000
Mar 15 22:37:00 argente-VirtualBox kernel: pci 0000:00:03.0: reg 0x10: [mem 0xf0200000-0xf021ffff]
Mar 15 22:37:00 argente-VirtualBox kernel: pci 0000:00:03.0: reg 0x18: [io  0xd020-0xd027]
Mar 15 22:37:00 argente-VirtualBox kernel: pci 0000:00:04.0: [80ee:cafe] type 00 class 0x088000
Mar 15 22:37:00 argente-VirtualBox kernel: pci 0000:00:04.0: reg 0x10: [io  0xd040-0xd05f]
Mar 15 22:37:00 argente-VirtualBox kernel: pci 0000:00:04.0: reg 0x14: [mem 0xf0400000-0xf07fffff]
Mar 15 22:37:00 argente-VirtualBox kernel: pci 0000:00:04.0: reg 0x18: [mem 0xf0800000-0xf0803fff pref]
Mar 15 22:37:00 argente-VirtualBox kernel: pci 0000:00:05.0: [8086:2415] type 00 class 0x040100
Mar 15 22:37:00 argente-VirtualBox kernel: pci 0000:00:05.0: reg 0x10: [io  0xd100-0xd1ff]
Mar 15 22:37:00 argente-VirtualBox kernel: pci 0000:00:05.0: reg 0x14: [io  0xd200-0xd23f]
Mar 15 22:37:00 argente-VirtualBox kernel: pci 0000:00:06.0: [106b:003f] type 00 class 0x0c0310
Mar 15 22:37:00 argente-VirtualBox kernel: pci 0000:00:06.0: reg 0x10: [mem 0xf0804000-0xf0804fff]
Mar 15 22:37:00 argente-VirtualBox kernel: pci 0000:00:07.0: [8086:7113] type 00 class 0x068000
Mar 15 22:37:00 argente-VirtualBox kernel: pci 0000:00:07.0: quirk: [io  0x4000-0x403f] claimed by PIIX4 ACPI
Mar 15 22:37:00 argente-VirtualBox kernel: pci 0000:00:07.0: quirk: [io  0x4100-0x410f] claimed by PIIX4 SMB
Mar 15 22:37:00 argente-VirtualBox kernel: pci 0000:00:0b.0: [8086:265c] type 00 class 0x0c0320
Mar 15 22:37:00 argente-VirtualBox kernel: pci 0000:00:0b.0: reg 0x10: [mem 0xf0805000-0xf0805fff]
Mar 15 22:37:00 argente-VirtualBox kernel: pci 0000:00:0d.0: [8086:2829] type 00 class 0x010601
Mar 15 22:37:00 argente-VirtualBox kernel: pci 0000:00:0d.0: reg 0x10: [io  0xd240-0xd247]
Mar 15 22:37:00 argente-VirtualBox kernel: pci 0000:00:0d.0: reg 0x14: [io  0xd248-0xd24b]
Mar 15 22:37:00 argente-VirtualBox kernel: pci 0000:00:0d.0: reg 0x18: [io  0xd250-0xd257]
Mar 15 22:37:00 argente-VirtualBox kernel: pci 0000:00:0d.0: reg 0x1c: [io  0xd258-0xd25b]
Mar 15 22:37:00 argente-VirtualBox kernel: pci 0000:00:0d.0: reg 0x20: [io  0xd260-0xd26f]
Mar 15 22:37:00 argente-VirtualBox kernel: pci 0000:00:0d.0: reg 0x24: [mem 0xf0806000-0xf0807fff]
Mar 15 22:37:00 argente-VirtualBox kernel: ACPI: PCI: Interrupt link LNKA configured for IRQ 11
Mar 15 22:37:00 argente-VirtualBox kernel: ACPI: PCI: Interrupt link LNKB configured for IRQ 10
Mar 15 22:37:00 argente-VirtualBox kernel: ACPI: PCI: Interrupt link LNKC configured for IRQ 9
Mar 15 22:37:00 argente-VirtualBox kernel: ACPI: PCI: Interrupt link LNKD configured for IRQ 11
Mar 15 22:37:00 argente-VirtualBox kernel: iommu: Default domain type: Translated 
Mar 15 22:37:00 argente-VirtualBox kernel: iommu: DMA domain TLB invalidation policy: lazy mode 
Mar 15 22:37:00 argente-VirtualBox kernel: SCSI subsystem initialized
Mar 15 22:37:00 argente-VirtualBox kernel: libata version 3.00 loaded.
Mar 15 22:37:00 argente-VirtualBox kernel: ACPI: bus type USB registered
Mar 15 22:37:00 argente-VirtualBox kernel: usbcore: registered new interface driver usbfs
Mar 15 22:37:00 argente-VirtualBox kernel: usbcore: registered new interface driver hub
Mar 15 22:37:00 argente-VirtualBox kernel: usbcore: registered new device driver usb
Mar 15 22:37:00 argente-VirtualBox kernel: pps_core: LinuxPPS API ver. 1 registered
Mar 15 22:37:00 argente-VirtualBox kernel: pps_core: Software ver. 5.3.6 - Copyright 2005-2007 Rodolfo Giometti <giometti@linux.it>
Mar 15 22:37:00 argente-VirtualBox kernel: PTP clock support registered
Mar 15 22:37:00 argente-VirtualBox kernel: EDAC MC: Ver: 3.0.0
Mar 15 22:37:00 argente-VirtualBox kernel: NetLabel: Initializing
Mar 15 22:37:00 argente-VirtualBox kernel: NetLabel:  domain hash size = 128
Mar 15 22:37:00 argente-VirtualBox kernel: NetLabel:  protocols = UNLABELED CIPSOv4 CALIPSO
Mar 15 22:37:00 argente-VirtualBox kernel: NetLabel:  unlabeled traffic allowed by default
Mar 15 22:37:00 argente-VirtualBox kernel: mctp: management component transport protocol core
Mar 15 22:37:00 argente-VirtualBox kernel: NET: Registered PF_MCTP protocol family
Mar 15 22:37:00 argente-VirtualBox kernel: PCI: Using ACPI for IRQ routing
Mar 15 22:37:00 argente-VirtualBox kernel: PCI: pci_cache_line_size set to 64 bytes
Mar 15 22:37:00 argente-VirtualBox kernel: e820: reserve RAM buffer [mem 0x0009fc00-0x0009ffff]
Mar 15 22:37:00 argente-VirtualBox kernel: e820: reserve RAM buffer [mem 0xdfff0000-0xdfffffff]
Mar 15 22:37:00 argente-VirtualBox kernel: pci 0000:00:02.0: vgaarb: setting as boot VGA device
Mar 15 22:37:00 argente-VirtualBox kernel: pci 0000:00:02.0: vgaarb: bridge control possible
Mar 15 22:37:00 argente-VirtualBox kernel: pci 0000:00:02.0: vgaarb: VGA device added: decodes=io+mem,owns=io+mem,locks=none
Mar 15 22:37:00 argente-VirtualBox kernel: vgaarb: loaded
Mar 15 22:37:00 argente-VirtualBox kernel: clocksource: Switched to clocksource kvm-clock
Mar 15 22:37:00 argente-VirtualBox kernel: VFS: Disk quotas dquot_6.6.0
Mar 15 22:37:00 argente-VirtualBox kernel: VFS: Dquot-cache hash table entries: 512 (order 0, 4096 bytes)
Mar 15 22:37:00 argente-VirtualBox kernel: AppArmor: AppArmor Filesystem Enabled
Mar 15 22:37:00 argente-VirtualBox kernel: pnp: PnP ACPI init
Mar 15 22:37:00 argente-VirtualBox kernel: pnp: PnP ACPI: found 2 devices
Mar 15 22:37:00 argente-VirtualBox kernel: clocksource: acpi_pm: mask: 0xffffff max_cycles: 0xffffff, max_idle_ns: 2085701024 ns
Mar 15 22:37:00 argente-VirtualBox kernel: NET: Registered PF_INET protocol family
Mar 15 22:37:00 argente-VirtualBox kernel: IP idents hash table entries: 131072 (order: 8, 1048576 bytes, linear)
Mar 15 22:37:00 argente-VirtualBox kernel: tcp_listen_portaddr_hash hash table entries: 4096 (order: 4, 65536 bytes, linear)
Mar 15 22:37:00 argente-VirtualBox kernel: Table-perturb hash table entries: 65536 (order: 6, 262144 bytes, linear)
Mar 15 22:37:00 argente-VirtualBox kernel: TCP established hash table entries: 65536 (order: 7, 524288 bytes, linear)
Mar 15 22:37:00 argente-VirtualBox kernel: TCP bind hash table entries: 65536 (order: 8, 1048576 bytes, linear)
Mar 15 22:37:00 argente-VirtualBox kernel: TCP: Hash tables configured (established 65536 bind 65536)
Mar 15 22:37:00 argente-VirtualBox kernel: MPTCP token hash table entries: 8192 (order: 5, 196608 bytes, linear)
Mar 15 22:37:00 argente-VirtualBox kernel: UDP hash table entries: 4096 (order: 5, 131072 bytes, linear)
Mar 15 22:37:00 argente-VirtualBox kernel: UDP-Lite hash table entries: 4096 (order: 5, 131072 bytes, linear)
Mar 15 22:37:00 argente-VirtualBox kernel: NET: Registered PF_UNIX/PF_LOCAL protocol family
Mar 15 22:37:00 argente-VirtualBox kernel: NET: Registered PF_XDP protocol family
Mar 15 22:37:00 argente-VirtualBox kernel: pci_bus 0000:00: resource 4 [io  0x0000-0x0cf7 window]
Mar 15 22:37:00 argente-VirtualBox kernel: pci_bus 0000:00: resource 5 [io  0x0d00-0xffff window]
Mar 15 22:37:00 argente-VirtualBox kernel: pci_bus 0000:00: resource 6 [mem 0x000a0000-0x000bffff window]
Mar 15 22:37:00 argente-VirtualBox kernel: pci_bus 0000:00: resource 7 [mem 0xe0000000-0xfdffffff window]
Mar 15 22:37:00 argente-VirtualBox kernel: pci 0000:00:00.0: Limiting direct PCI/PCI transfers
Mar 15 22:37:00 argente-VirtualBox kernel: pci 0000:00:01.0: Activating ISA DMA hang workarounds
Mar 15 22:37:00 argente-VirtualBox kernel: PCI: CLS 0 bytes, default 64
Mar 15 22:37:00 argente-VirtualBox kernel: PCI-DMA: Using software bounce buffering for IO (SWIOTLB)
Mar 15 22:37:00 argente-VirtualBox kernel: software IO TLB: mapped [mem 0x00000000dbff0000-0x00000000dfff0000] (64MB)
Mar 15 22:37:00 argente-VirtualBox kernel: clocksource: tsc: mask: 0xffffffffffffffff max_cycles: 0x31025119198, max_idle_ns: 440795368506 ns
Mar 15 22:37:00 argente-VirtualBox kernel: clocksource: Switched to clocksource tsc
Mar 15 22:37:00 argente-VirtualBox kernel: platform rtc_cmos: registered platform RTC device (no PNP device found)
Mar 15 22:37:00 argente-VirtualBox kernel: Trying to unpack rootfs image as initramfs...
Mar 15 22:37:00 argente-VirtualBox kernel: Initialise system trusted keyrings
Mar 15 22:37:00 argente-VirtualBox kernel: Key type blacklist registered
Mar 15 22:37:00 argente-VirtualBox kernel: workingset: timestamp_bits=36 max_order=21 bucket_order=0
Mar 15 22:37:00 argente-VirtualBox kernel: zbud: loaded
Mar 15 22:37:00 argente-VirtualBox kernel: squashfs: version 4.0 (2009/01/31) Phillip Lougher
Mar 15 22:37:00 argente-VirtualBox kernel: fuse: init (API version 7.36)
Mar 15 22:37:00 argente-VirtualBox kernel: integrity: Platform Keyring initialized
Mar 15 22:37:00 argente-VirtualBox kernel: integrity: Machine keyring initialized
Mar 15 22:37:00 argente-VirtualBox kernel: Key type asymmetric registered
Mar 15 22:37:00 argente-VirtualBox kernel: Asymmetric key parser 'x509' registered
Mar 15 22:37:00 argente-VirtualBox kernel: Freeing initrd memory: 69472K
Mar 15 22:37:00 argente-VirtualBox kernel: alg: self-tests for CTR-KDF (hmac(sha256)) passed
Mar 15 22:37:00 argente-VirtualBox kernel: Block layer SCSI generic (bsg) driver version 0.4 loaded (major 243)
Mar 15 22:37:00 argente-VirtualBox kernel: io scheduler mq-deadline registered
Mar 15 22:37:00 argente-VirtualBox kernel: shpchp: Standard Hot Plug PCI Controller Driver version: 0.4
Mar 15 22:37:00 argente-VirtualBox kernel: ACPI: AC: AC Adapter [AC] (on-line)
Mar 15 22:37:00 argente-VirtualBox kernel: input: Power Button as /devices/LNXSYSTM:00/LNXPWRBN:00/input/input0
Mar 15 22:37:00 argente-VirtualBox kernel: ACPI: button: Power Button [PWRF]
Mar 15 22:37:00 argente-VirtualBox kernel: input: Sleep Button as /devices/LNXSYSTM:00/LNXSLPBN:00/input/input1
Mar 15 22:37:00 argente-VirtualBox kernel: ACPI: button: Sleep Button [SLPF]
Mar 15 22:37:00 argente-VirtualBox kernel: Serial: 8250/16550 driver, 32 ports, IRQ sharing enabled
Mar 15 22:37:00 argente-VirtualBox kernel: Linux agpgart interface v0.103
Mar 15 22:37:00 argente-VirtualBox kernel: loop: module loaded
Mar 15 22:37:00 argente-VirtualBox kernel: ata_piix 0000:00:01.1: version 2.13
Mar 15 22:37:00 argente-VirtualBox kernel: scsi host0: ata_piix
Mar 15 22:37:00 argente-VirtualBox kernel: scsi host1: ata_piix
Mar 15 22:37:00 argente-VirtualBox kernel: ata1: PATA max UDMA/33 cmd 0x1f0 ctl 0x3f6 bmdma 0xd000 irq 14
Mar 15 22:37:00 argente-VirtualBox kernel: ata2: PATA max UDMA/33 cmd 0x170 ctl 0x376 bmdma 0xd008 irq 15
Mar 15 22:37:00 argente-VirtualBox kernel: tun: Universal TUN/TAP device driver, 1.6
Mar 15 22:37:00 argente-VirtualBox kernel: PPP generic driver version 2.4.2
Mar 15 22:37:00 argente-VirtualBox kernel: VFIO - User Level meta-driver version: 0.3
Mar 15 22:37:00 argente-VirtualBox kernel: ehci_hcd: USB 2.0 'Enhanced' Host Controller (EHCI) Driver
Mar 15 22:37:00 argente-VirtualBox kernel: ehci-pci: EHCI PCI platform driver
Mar 15 22:37:00 argente-VirtualBox kernel: ehci-pci 0000:00:0b.0: EHCI Host Controller
Mar 15 22:37:00 argente-VirtualBox kernel: ehci-pci 0000:00:0b.0: new USB bus registered, assigned bus number 1
Mar 15 22:37:00 argente-VirtualBox kernel: ehci-pci 0000:00:0b.0: irq 19, io mem 0xf0805000
Mar 15 22:37:00 argente-VirtualBox kernel: ehci-pci 0000:00:0b.0: USB 2.0 started, EHCI 1.00
Mar 15 22:37:00 argente-VirtualBox kernel: usb usb1: New USB device found, idVendor=1d6b, idProduct=0002, bcdDevice= 5.19
Mar 15 22:37:00 argente-VirtualBox kernel: usb usb1: New USB device strings: Mfr=3, Product=2, SerialNumber=1
Mar 15 22:37:00 argente-VirtualBox kernel: usb usb1: Product: EHCI Host Controller
Mar 15 22:37:00 argente-VirtualBox kernel: usb usb1: Manufacturer: Linux 5.19.0-35-generic ehci_hcd
Mar 15 22:37:00 argente-VirtualBox kernel: usb usb1: SerialNumber: 0000:00:0b.0
Mar 15 22:37:00 argente-VirtualBox kernel: hub 1-0:1.0: USB hub found
Mar 15 22:37:00 argente-VirtualBox kernel: hub 1-0:1.0: 12 ports detected
Mar 15 22:37:00 argente-VirtualBox kernel: ehci-platform: EHCI generic platform driver
Mar 15 22:37:00 argente-VirtualBox kernel: ohci_hcd: USB 1.1 'Open' Host Controller (OHCI) Driver
Mar 15 22:37:00 argente-VirtualBox kernel: ohci-pci: OHCI PCI platform driver
Mar 15 22:37:00 argente-VirtualBox kernel: ohci-pci 0000:00:06.0: OHCI PCI host controller
Mar 15 22:37:00 argente-VirtualBox kernel: ohci-pci 0000:00:06.0: new USB bus registered, assigned bus number 2
Mar 15 22:37:00 argente-VirtualBox kernel: ohci-pci 0000:00:06.0: irq 22, io mem 0xf0804000
Mar 15 22:37:00 argente-VirtualBox kernel: usb usb2: New USB device found, idVendor=1d6b, idProduct=0001, bcdDevice= 5.19
Mar 15 22:37:00 argente-VirtualBox kernel: usb usb2: New USB device strings: Mfr=3, Product=2, SerialNumber=1
Mar 15 22:37:00 argente-VirtualBox kernel: usb usb2: Product: OHCI PCI host controller
Mar 15 22:37:00 argente-VirtualBox kernel: usb usb2: Manufacturer: Linux 5.19.0-35-generic ohci_hcd
Mar 15 22:37:00 argente-VirtualBox kernel: usb usb2: SerialNumber: 0000:00:06.0
Mar 15 22:37:00 argente-VirtualBox kernel: hub 2-0:1.0: USB hub found
Mar 15 22:37:00 argente-VirtualBox kernel: hub 2-0:1.0: 12 ports detected
Mar 15 22:37:00 argente-VirtualBox kernel: ohci-platform: OHCI generic platform driver
Mar 15 22:37:00 argente-VirtualBox kernel: uhci_hcd: USB Universal Host Controller Interface driver
Mar 15 22:37:00 argente-VirtualBox kernel: i8042: PNP: PS/2 Controller [PNP0303:PS2K,PNP0f03:PS2M] at 0x60,0x64 irq 1,12
Mar 15 22:37:00 argente-VirtualBox kernel: serio: i8042 KBD port at 0x60,0x64 irq 1
Mar 15 22:37:00 argente-VirtualBox kernel: serio: i8042 AUX port at 0x60,0x64 irq 12
Mar 15 22:37:00 argente-VirtualBox kernel: mousedev: PS/2 mouse device common for all mice
Mar 15 22:37:00 argente-VirtualBox kernel: input: AT Translated Set 2 keyboard as /devices/platform/i8042/serio0/input/input2
Mar 15 22:37:00 argente-VirtualBox kernel: rtc_cmos rtc_cmos: registered as rtc0
Mar 15 22:37:00 argente-VirtualBox kernel: rtc_cmos rtc_cmos: setting system clock to 2023-03-15T14:36:59 UTC (1678891019)
Mar 15 22:37:00 argente-VirtualBox kernel: rtc_cmos rtc_cmos: alarms up to one day, 114 bytes nvram
Mar 15 22:37:00 argente-VirtualBox kernel: i2c_dev: i2c /dev entries driver
Mar 15 22:37:00 argente-VirtualBox kernel: device-mapper: core: CONFIG_IMA_DISABLE_HTABLE is disabled. Duplicate IMA measurements will not be recorded in the IMA log.
Mar 15 22:37:00 argente-VirtualBox kernel: device-mapper: uevent: version 1.0.3
Mar 15 22:37:00 argente-VirtualBox kernel: device-mapper: ioctl: 4.47.0-ioctl (2022-07-28) initialised: dm-devel@redhat.com
Mar 15 22:37:00 argente-VirtualBox kernel: platform eisa.0: Probing EISA bus 0
Mar 15 22:37:00 argente-VirtualBox kernel: platform eisa.0: EISA: Cannot allocate resource for mainboard
Mar 15 22:37:00 argente-VirtualBox kernel: platform eisa.0: Cannot allocate resource for EISA slot 1
Mar 15 22:37:00 argente-VirtualBox kernel: platform eisa.0: Cannot allocate resource for EISA slot 2
Mar 15 22:37:00 argente-VirtualBox kernel: platform eisa.0: Cannot allocate resource for EISA slot 3
Mar 15 22:37:00 argente-VirtualBox kernel: platform eisa.0: Cannot allocate resource for EISA slot 4
Mar 15 22:37:00 argente-VirtualBox kernel: platform eisa.0: Cannot allocate resource for EISA slot 5
Mar 15 22:37:00 argente-VirtualBox kernel: platform eisa.0: Cannot allocate resource for EISA slot 6
Mar 15 22:37:00 argente-VirtualBox kernel: platform eisa.0: Cannot allocate resource for EISA slot 7
Mar 15 22:37:00 argente-VirtualBox kernel: platform eisa.0: Cannot allocate resource for EISA slot 8
Mar 15 22:37:00 argente-VirtualBox kernel: platform eisa.0: EISA: Detected 0 cards
Mar 15 22:37:00 argente-VirtualBox kernel: ledtrig-cpu: registered to indicate activity on CPUs
Mar 15 22:37:00 argente-VirtualBox kernel: drop_monitor: Initializing network drop monitor service
Mar 15 22:37:00 argente-VirtualBox kernel: NET: Registered PF_INET6 protocol family
Mar 15 22:37:00 argente-VirtualBox kernel: Segment Routing with IPv6
Mar 15 22:37:00 argente-VirtualBox kernel: In-situ OAM (IOAM) with IPv6
Mar 15 22:37:00 argente-VirtualBox kernel: NET: Registered PF_PACKET protocol family
Mar 15 22:37:00 argente-VirtualBox kernel: Key type dns_resolver registered
Mar 15 22:37:00 argente-VirtualBox kernel: IPI shorthand broadcast: enabled
Mar 15 22:37:00 argente-VirtualBox kernel: sched_clock: Marking stable (1036091856, 9351924)->(1135492573, -90048793)
Mar 15 22:37:00 argente-VirtualBox kernel: registered taskstats version 1
Mar 15 22:37:00 argente-VirtualBox kernel: Loading compiled-in X.509 certificates
Mar 15 22:37:00 argente-VirtualBox kernel: Loaded X.509 cert 'Build time autogenerated kernel key: 0f8b52ff8b28cb5dd474b5fe37ca4e5d73f537fd'
Mar 15 22:37:00 argente-VirtualBox kernel: Loaded X.509 cert 'Canonical Ltd. Live Patch Signing: 14df34d1a87cf37625abec039ef2bf521249b969'
Mar 15 22:37:00 argente-VirtualBox kernel: Loaded X.509 cert 'Canonical Ltd. Kernel Module Signing: 88f752e560a1e0737e31163a466ad7b70a850c19'
Mar 15 22:37:00 argente-VirtualBox kernel: blacklist: Loading compiled-in revocation X.509 certificates
Mar 15 22:37:00 argente-VirtualBox kernel: Loaded X.509 cert 'Canonical Ltd. Secure Boot Signing: 61482aa2830d0ab2ad5af10b7250da9033ddcef0'
Mar 15 22:37:00 argente-VirtualBox kernel: Loaded X.509 cert 'Canonical Ltd. Secure Boot Signing (2017): 242ade75ac4a15e50d50c84b0d45ff3eae707a03'
Mar 15 22:37:00 argente-VirtualBox kernel: Loaded X.509 cert 'Canonical Ltd. Secure Boot Signing (ESM 2018): 365188c1d374d6b07c3c8f240f8ef722433d6a8b'
Mar 15 22:37:00 argente-VirtualBox kernel: Loaded X.509 cert 'Canonical Ltd. Secure Boot Signing (2019): c0746fd6c5da3ae827864651ad66ae47fe24b3e8'
Mar 15 22:37:00 argente-VirtualBox kernel: Loaded X.509 cert 'Canonical Ltd. Secure Boot Signing (2021 v1): a8d54bbb3825cfb94fa13c9f8a594a195c107b8d'
Mar 15 22:37:00 argente-VirtualBox kernel: Loaded X.509 cert 'Canonical Ltd. Secure Boot Signing (2021 v2): 4cf046892d6fd3c9a5b03f98d845f90851dc6a8c'
Mar 15 22:37:00 argente-VirtualBox kernel: Loaded X.509 cert 'Canonical Ltd. Secure Boot Signing (2021 v3): 100437bb6de6e469b581e61cd66bce3ef4ed53af'
Mar 15 22:37:00 argente-VirtualBox kernel: Loaded X.509 cert 'Canonical Ltd. Secure Boot Signing (Ubuntu Core 2019): c1d57b8f6b743f23ee41f4f7ee292f06eecadfb9'
Mar 15 22:37:00 argente-VirtualBox kernel: zswap: loaded using pool lzo/zbud
Mar 15 22:37:00 argente-VirtualBox kernel: Key type .fscrypt registered
Mar 15 22:37:00 argente-VirtualBox kernel: Key type fscrypt-provisioning registered
Mar 15 22:37:00 argente-VirtualBox kernel: Key type encrypted registered
Mar 15 22:37:00 argente-VirtualBox kernel: AppArmor: AppArmor sha1 policy hashing enabled
Mar 15 22:37:00 argente-VirtualBox kernel: ima: No TPM chip found, activating TPM-bypass!
Mar 15 22:37:00 argente-VirtualBox kernel: Loading compiled-in module X.509 certificates
Mar 15 22:37:00 argente-VirtualBox kernel: Loaded X.509 cert 'Build time autogenerated kernel key: 0f8b52ff8b28cb5dd474b5fe37ca4e5d73f537fd'
Mar 15 22:37:00 argente-VirtualBox kernel: ima: Allocated hash algorithm: sha1
Mar 15 22:37:00 argente-VirtualBox kernel: ima: No architecture policies found
Mar 15 22:37:00 argente-VirtualBox kernel: evm: Initialising EVM extended attributes:
Mar 15 22:37:00 argente-VirtualBox kernel: evm: security.selinux
Mar 15 22:37:00 argente-VirtualBox kernel: evm: security.SMACK64
Mar 15 22:37:00 argente-VirtualBox kernel: evm: security.SMACK64EXEC
Mar 15 22:37:00 argente-VirtualBox kernel: evm: security.SMACK64TRANSMUTE
Mar 15 22:37:00 argente-VirtualBox kernel: evm: security.SMACK64MMAP
Mar 15 22:37:00 argente-VirtualBox kernel: evm: security.apparmor
Mar 15 22:37:00 argente-VirtualBox kernel: evm: security.ima
Mar 15 22:37:00 argente-VirtualBox kernel: evm: security.capability
Mar 15 22:37:00 argente-VirtualBox kernel: evm: HMAC attrs: 0x1
Mar 15 22:37:00 argente-VirtualBox kernel: PM:   Magic number: 15:174:637
Mar 15 22:37:00 argente-VirtualBox kernel: RAS: Correctable Errors collector initialized.
Mar 15 22:37:00 argente-VirtualBox kernel: ata2.00: ATAPI: VBOX CD-ROM, 1.0, max UDMA/133
Mar 15 22:37:00 argente-VirtualBox kernel: scsi 1:0:0:0: CD-ROM            VBOX     CD-ROM           1.0  PQ: 0 ANSI: 5
Mar 15 22:37:00 argente-VirtualBox kernel: sr 1:0:0:0: [sr0] scsi3-mmc drive: 32x/32x xa/form2 tray
Mar 15 22:37:00 argente-VirtualBox kernel: cdrom: Uniform CD-ROM driver Revision: 3.20
Mar 15 22:37:00 argente-VirtualBox kernel: sr 1:0:0:0: Attached scsi CD-ROM sr0
Mar 15 22:37:00 argente-VirtualBox kernel: sr 1:0:0:0: Attached scsi generic sg0 type 5
Mar 15 22:37:00 argente-VirtualBox kernel: Freeing unused decrypted memory: 2036K
Mar 15 22:37:00 argente-VirtualBox kernel: Freeing unused kernel image (initmem) memory: 3168K
Mar 15 22:37:00 argente-VirtualBox kernel: Write protecting the kernel read-only data: 32768k
Mar 15 22:37:00 argente-VirtualBox kernel: Freeing unused kernel image (text/rodata gap) memory: 2036K
Mar 15 22:37:00 argente-VirtualBox kernel: Freeing unused kernel image (rodata/data gap) memory: 1000K
Mar 15 22:37:00 argente-VirtualBox kernel: x86/mm: Checked W+X mappings: passed, no W+X pages found.
Mar 15 22:37:00 argente-VirtualBox kernel: Run /init as init process
Mar 15 22:37:00 argente-VirtualBox kernel:   with arguments:
Mar 15 22:37:00 argente-VirtualBox kernel:     /init
Mar 15 22:37:00 argente-VirtualBox kernel:     splash
Mar 15 22:37:00 argente-VirtualBox kernel:   with environment:
Mar 15 22:37:00 argente-VirtualBox kernel:     HOME=/
Mar 15 22:37:00 argente-VirtualBox kernel:     TERM=linux
Mar 15 22:37:00 argente-VirtualBox kernel:     BOOT_IMAGE=/boot/vmlinuz-5.19.0-35-generic
Mar 15 22:37:00 argente-VirtualBox kernel: ACPI: video: Video Device [GFX0] (multi-head: yes  rom: no  post: no)
Mar 15 22:37:00 argente-VirtualBox kernel: input: Video Bus as /devices/LNXSYSTM:00/LNXSYBUS:00/PNP0A03:00/LNXVIDEO:00/input/input4
Mar 15 22:37:00 argente-VirtualBox kernel: usb 2-1: new full-speed USB device number 2 using ohci-pci
Mar 15 22:37:00 argente-VirtualBox kernel: e1000: Intel(R) PRO/1000 Network Driver
Mar 15 22:37:00 argente-VirtualBox kernel: e1000: Copyright (c) 1999-2006 Intel Corporation.
Mar 15 22:37:00 argente-VirtualBox kernel: piix4_smbus 0000:00:07.0: SMBus Host Controller at 0x4100, revision 0
Mar 15 22:37:00 argente-VirtualBox kernel: ahci 0000:00:0d.0: version 3.0
Mar 15 22:37:00 argente-VirtualBox kernel: ahci 0000:00:0d.0: SSS flag set, parallel bus scan disabled
Mar 15 22:37:00 argente-VirtualBox kernel: ahci 0000:00:0d.0: AHCI 0001.0100 32 slots 1 ports 3 Gbps 0x1 impl SATA mode
Mar 15 22:37:00 argente-VirtualBox kernel: ahci 0000:00:0d.0: flags: 64bit ncq stag only ccc 
Mar 15 22:37:00 argente-VirtualBox kernel: scsi host2: ahci
Mar 15 22:37:00 argente-VirtualBox kernel: ata3: SATA max UDMA/133 abar m8192@0xf0806000 port 0xf0806100 irq 21
Mar 15 22:37:00 argente-VirtualBox kernel: input: ImExPS/2 Generic Explorer Mouse as /devices/platform/i8042/serio1/input/input5
Mar 15 22:37:00 argente-VirtualBox kernel: usb 2-1: New USB device found, idVendor=80ee, idProduct=0021, bcdDevice= 1.00
Mar 15 22:37:00 argente-VirtualBox kernel: usb 2-1: New USB device strings: Mfr=1, Product=3, SerialNumber=0
Mar 15 22:37:00 argente-VirtualBox kernel: usb 2-1: Product: USB Tablet
Mar 15 22:37:00 argente-VirtualBox kernel: usb 2-1: Manufacturer: VirtualBox
Mar 15 22:37:00 argente-VirtualBox kernel: hid: raw HID events driver (C) Jiri Kosina
Mar 15 22:37:00 argente-VirtualBox kernel: ata3: SATA link up 3.0 Gbps (SStatus 123 SControl 300)
Mar 15 22:37:00 argente-VirtualBox kernel: ata3.00: ATA-6: VBOX HARDDISK, 1.0, max UDMA/133
Mar 15 22:37:00 argente-VirtualBox kernel: ata3.00: 167772160 sectors, multi 128: LBA48 NCQ (depth 32)
Mar 15 22:37:00 argente-VirtualBox kernel: ata3.00: configured for UDMA/133
Mar 15 22:37:00 argente-VirtualBox kernel: scsi 2:0:0:0: Direct-Access     ATA      VBOX HARDDISK    1.0  PQ: 0 ANSI: 5
Mar 15 22:37:00 argente-VirtualBox kernel: sd 2:0:0:0: [sda] 167772160 512-byte logical blocks: (85.9 GB/80.0 GiB)
Mar 15 22:37:00 argente-VirtualBox kernel: sd 2:0:0:0: [sda] Write Protect is off
Mar 15 22:37:00 argente-VirtualBox kernel: sd 2:0:0:0: [sda] Mode Sense: 00 3a 00 00
Mar 15 22:37:00 argente-VirtualBox kernel: sd 2:0:0:0: [sda] Write cache: enabled, read cache: enabled, doesn't support DPO or FUA
Mar 15 22:37:00 argente-VirtualBox kernel: sd 2:0:0:0: [sda] Preferred minimum I/O size 512 bytes
Mar 15 22:37:00 argente-VirtualBox kernel: sd 2:0:0:0: Attached scsi generic sg1 type 0
Mar 15 22:37:00 argente-VirtualBox kernel:  sda: sda1 sda2 sda3
Mar 15 22:37:00 argente-VirtualBox kernel: sd 2:0:0:0: [sda] Attached SCSI disk
Mar 15 22:37:00 argente-VirtualBox kernel: usbcore: registered new interface driver usbhid
Mar 15 22:37:00 argente-VirtualBox kernel: usbhid: USB HID core driver
Mar 15 22:37:00 argente-VirtualBox kernel: input: VirtualBox USB Tablet as /devices/pci0000:00/0000:00:06.0/usb2/2-1/2-1:1.0/0003:80EE:0021.0001/input/input6
Mar 15 22:37:00 argente-VirtualBox kernel: hid-generic 0003:80EE:0021.0001: input,hidraw0: USB HID v1.10 Mouse [VirtualBox USB Tablet] on usb-0000:00:06.0-1/input0
Mar 15 22:37:00 argente-VirtualBox kernel: e1000 0000:00:03.0 eth0: (PCI:33MHz:32-bit) 08:00:27:bf:2f:32
Mar 15 22:37:00 argente-VirtualBox kernel: e1000 0000:00:03.0 eth0: Intel(R) PRO/1000 Network Connection
Mar 15 22:37:00 argente-VirtualBox kernel: e1000 0000:00:03.0 enp0s3: renamed from eth0
Mar 15 22:37:00 argente-VirtualBox kernel: EXT4-fs (sda3): mounted filesystem with ordered data mode. Quota mode: none.
Mar 15 22:37:00 argente-VirtualBox systemd[1]: Inserted module 'autofs4'
Mar 15 22:37:00 argente-VirtualBox systemd[1]: systemd 249.11-0ubuntu3.4 running in system mode (+PAM +AUDIT +SELINUX +APPARMOR +IMA +SMACK +SECCOMP +GCRYPT +GNUTLS +OPENSSL +ACL +BLKID +CURL +ELFUTILS +FIDO2 +IDN2 -IDN +IPTC +KMOD +LIBCRYPTSETUP -LIBFDISK +PCRE2 -PWQUALITY -P11KIT -QRENCODE +BZIP2 +LZ4 +XZ +ZLIB +ZSTD -XKBCOMMON +UTMP +SYSVINIT default-hierarchy=unified)
Mar 15 22:37:00 argente-VirtualBox systemd[1]: Detected virtualization oracle.
Mar 15 22:37:00 argente-VirtualBox systemd[1]: Detected architecture x86-64.
Mar 15 22:37:00 argente-VirtualBox systemd[1]: Hostname set to <argente-VirtualBox>.
Mar 15 22:37:00 argente-VirtualBox systemd[1]: Initializing machine ID from random generator.
Mar 15 22:37:00 argente-VirtualBox systemd[1]: Installed transient /etc/machine-id file.
Mar 15 22:37:00 argente-VirtualBox systemd[1]: Queued start job for default target Graphical Interface.
Mar 15 22:37:00 argente-VirtualBox systemd[1]: Created slice Slice /system/modprobe.
Mar 15 22:37:00 argente-VirtualBox systemd[1]: Created slice Slice /system/systemd-fsck.
Mar 15 22:37:00 argente-VirtualBox systemd[1]: Created slice User and Session Slice.
Mar 15 22:37:00 argente-VirtualBox systemd[1]: Started Forward Password Requests to Wall Directory Watch.
Mar 15 22:37:00 argente-VirtualBox systemd[1]: Set up automount Arbitrary Executable File Formats File System Automount Point.
Mar 15 22:37:00 argente-VirtualBox systemd[1]: Reached target User and Group Name Lookups.
Mar 15 22:37:00 argente-VirtualBox systemd[1]: Reached target Remote File Systems.
Mar 15 22:37:00 argente-VirtualBox systemd[1]: Reached target Slice Units.
Mar 15 22:37:00 argente-VirtualBox systemd[1]: Reached target Local Verity Protected Volumes.
Mar 15 22:37:00 argente-VirtualBox systemd[1]: Listening on Syslog Socket.
Mar 15 22:37:00 argente-VirtualBox systemd[1]: Listening on fsck to fsckd communication Socket.
Mar 15 22:37:00 argente-VirtualBox systemd[1]: Listening on initctl Compatibility Named Pipe.
Mar 15 22:37:00 argente-VirtualBox systemd[1]: Listening on Journal Audit Socket.
Mar 15 22:37:00 argente-VirtualBox systemd[1]: Listening on Journal Socket (/dev/log).
Mar 15 22:37:00 argente-VirtualBox systemd[1]: Listening on Journal Socket.
Mar 15 22:37:00 argente-VirtualBox systemd[1]: Listening on udev Control Socket.
Mar 15 22:37:00 argente-VirtualBox systemd[1]: Listening on udev Kernel Socket.
Mar 15 22:37:00 argente-VirtualBox systemd[1]: Mounting Huge Pages File System...
Mar 15 22:37:00 argente-VirtualBox systemd[1]: Mounting POSIX Message Queue File System...
Mar 15 22:37:00 argente-VirtualBox systemd[1]: Mounting Kernel Debug File System...
Mar 15 22:37:00 argente-VirtualBox systemd[1]: Mounting Kernel Trace File System...
Mar 15 22:37:00 argente-VirtualBox systemd[1]: Starting Journal Service...
Mar 15 22:37:00 argente-VirtualBox systemd[1]: Starting Set the console keyboard layout...
Mar 15 22:37:00 argente-VirtualBox systemd[1]: Starting Create List of Static Device Nodes...
Mar 15 22:37:00 argente-VirtualBox systemd[1]: Starting Load Kernel Module chromeos_pstore...
Mar 15 22:37:00 argente-VirtualBox systemd[1]: Starting Load Kernel Module configfs...
Mar 15 22:37:00 argente-VirtualBox systemd[1]: Starting Load Kernel Module drm...
Mar 15 22:37:00 argente-VirtualBox systemd[1]: Starting Load Kernel Module efi_pstore...
Mar 15 22:37:00 argente-VirtualBox systemd[1]: Starting Load Kernel Module fuse...
Mar 15 22:37:00 argente-VirtualBox systemd[1]: Starting Load Kernel Module mtdpstore...
Mar 15 22:37:00 argente-VirtualBox systemd[1]: Starting Load Kernel Module pstore_blk...
Mar 15 22:37:00 argente-VirtualBox systemd[1]: Starting Load Kernel Module pstore_zone...
Mar 15 22:37:00 argente-VirtualBox kernel: mtd device must be supplied (device name is empty)
Mar 15 22:37:00 argente-VirtualBox systemd[1]: Starting Load Kernel Module ramoops...
Mar 15 22:37:00 argente-VirtualBox systemd[1]: Condition check resulted in File System Check on Root Device being skipped.
Mar 15 22:37:00 argente-VirtualBox systemd[1]: Starting Load Kernel Modules...
Mar 15 22:37:00 argente-VirtualBox systemd[1]: Starting Remount Root and Kernel File Systems...
Mar 15 22:37:00 argente-VirtualBox systemd[1]: Starting Coldplug All udev Devices...
Mar 15 22:37:00 argente-VirtualBox systemd[1]: Mounted Huge Pages File System.
Mar 15 22:37:00 argente-VirtualBox kernel: EXT4-fs (sda3): re-mounted. Quota mode: none.
Mar 15 22:37:00 argente-VirtualBox kernel: ACPI: bus type drm_connector registered
Mar 15 22:37:00 argente-VirtualBox systemd[1]: Mounted POSIX Message Queue File System.
Mar 15 22:37:00 argente-VirtualBox systemd[1]: Mounted Kernel Debug File System.
Mar 15 22:37:00 argente-VirtualBox systemd[1]: Mounted Kernel Trace File System.
Mar 15 22:37:00 argente-VirtualBox systemd[1]: Finished Create List of Static Device Nodes.
Mar 15 22:37:00 argente-VirtualBox systemd[1]: modprobe@chromeos_pstore.service: Deactivated successfully.
Mar 15 22:37:00 argente-VirtualBox systemd[1]: Finished Load Kernel Module chromeos_pstore.
Mar 15 22:37:00 argente-VirtualBox systemd[1]: modprobe@configfs.service: Deactivated successfully.
Mar 15 22:37:00 argente-VirtualBox systemd[1]: Finished Load Kernel Module configfs.
Mar 15 22:37:00 argente-VirtualBox systemd[1]: modprobe@drm.service: Deactivated successfully.
Mar 15 22:37:00 argente-VirtualBox systemd[1]: Finished Load Kernel Module drm.
Mar 15 22:37:00 argente-VirtualBox systemd[1]: modprobe@efi_pstore.service: Deactivated successfully.
Mar 15 22:37:00 argente-VirtualBox kernel: lp: driver loaded but no devices found
Mar 15 22:37:00 argente-VirtualBox systemd[1]: Finished Load Kernel Module efi_pstore.
Mar 15 22:37:00 argente-VirtualBox systemd[1]: modprobe@fuse.service: Deactivated successfully.
Mar 15 22:37:00 argente-VirtualBox systemd[1]: Finished Load Kernel Module fuse.
Mar 15 22:37:00 argente-VirtualBox systemd[1]: modprobe@mtdpstore.service: Deactivated successfully.
Mar 15 22:37:00 argente-VirtualBox systemd[1]: Finished Load Kernel Module mtdpstore.
Mar 15 22:37:00 argente-VirtualBox systemd[1]: modprobe@pstore_blk.service: Deactivated successfully.
Mar 15 22:37:00 argente-VirtualBox systemd[1]: Finished Load Kernel Module pstore_blk.
Mar 15 22:37:00 argente-VirtualBox systemd[1]: modprobe@pstore_zone.service: Deactivated successfully.
Mar 15 22:37:00 argente-VirtualBox systemd[1]: Finished Load Kernel Module pstore_zone.
Mar 15 22:37:00 argente-VirtualBox systemd[1]: modprobe@ramoops.service: Deactivated successfully.
Mar 15 22:37:00 argente-VirtualBox systemd[1]: Finished Load Kernel Module ramoops.
Mar 15 22:37:00 argente-VirtualBox systemd[1]: Finished Remount Root and Kernel File Systems.
Mar 15 22:37:00 argente-VirtualBox systemd-journald[229]: Journal started
Mar 15 22:37:00 argente-VirtualBox systemd-journald[229]: Runtime Journal (/run/log/journal/ac91c7af8d9e4654a574b757eb808919) is 8.0M, max 79.5M, 71.5M free.
Mar 15 22:37:00 argente-VirtualBox systemd-modules-load[246]: Inserted module 'lp'
Mar 15 22:37:00 argente-VirtualBox kernel: ppdev: user-space parallel port driver
Mar 15 22:37:00 argente-VirtualBox systemd[1]: Activating swap /swapfile...
Mar 15 22:37:00 argente-VirtualBox kernel: IPMI message handler: version 39.2
Mar 15 22:37:00 argente-VirtualBox systemd[1]: Mounting FUSE Control File System...
Mar 15 22:37:00 argente-VirtualBox systemd[1]: Mounting Kernel Configuration File System...
Mar 15 22:37:00 argente-VirtualBox systemd[1]: Condition check resulted in Platform Persistent Storage Archival being skipped.
Mar 15 22:37:00 argente-VirtualBox kernel: ipmi device interface
Mar 15 22:37:00 argente-VirtualBox systemd-modules-load[246]: Inserted module 'ppdev'
Mar 15 22:37:00 argente-VirtualBox systemd-modules-load[246]: Inserted module 'parport_pc'
Mar 15 22:37:00 argente-VirtualBox systemd-modules-load[246]: Inserted module 'msr'
Mar 15 22:37:00 argente-VirtualBox systemd-modules-load[246]: Inserted module 'ipmi_devintf'
Mar 15 22:37:00 argente-VirtualBox systemd-modules-load[246]: Module 'fuse' is built in
Mar 15 22:37:00 argente-VirtualBox kernel: Adding 2097148k swap on /swapfile.  Priority:-2 extents:6 across:2260988k FS
Mar 15 22:37:01 argente-VirtualBox systemd[1]: Starting Load/Save Random Seed...
Mar 15 22:37:01 argente-VirtualBox systemd[1]: Starting Create System Users...
Mar 15 22:37:01 argente-VirtualBox systemd[1]: Activated swap /swapfile.
Mar 15 22:37:01 argente-VirtualBox systemd[1]: Started Journal Service.
Mar 15 22:37:01 argente-VirtualBox systemd[1]: Mounted FUSE Control File System.
Mar 15 22:37:01 argente-VirtualBox systemd[1]: Mounted Kernel Configuration File System.
Mar 15 22:37:01 argente-VirtualBox systemd[1]: Finished Load/Save Random Seed.
Mar 15 22:37:01 argente-VirtualBox systemd[1]: Condition check resulted in First Boot Complete being skipped.
Mar 15 22:37:01 argente-VirtualBox systemd[1]: Reached target Swaps.
Mar 15 22:37:01 argente-VirtualBox systemd[1]: Condition check resulted in VMware vmblock fuse mount being skipped.
Mar 15 22:37:01 argente-VirtualBox systemd[1]: Starting Flush Journal to Persistent Storage...
Mar 15 22:37:01 argente-VirtualBox systemd-journald[229]: Time spent on flushing to /var/log/journal/ac91c7af8d9e4654a574b757eb808919 is 32.870ms for 599 entries.
Mar 15 22:37:01 argente-VirtualBox systemd-journald[229]: System Journal (/var/log/journal/ac91c7af8d9e4654a574b757eb808919) is 8.0M, max 4.0G, 3.9G free.
Mar 15 22:37:01 argente-VirtualBox systemd[1]: Finished Create System Users.
Mar 15 22:37:01 argente-VirtualBox systemd[1]: Starting Create Static Device Nodes in /dev...
Mar 15 22:37:01 argente-VirtualBox systemd[1]: Finished Set the console keyboard layout.
Mar 15 22:37:01 argente-VirtualBox systemd[1]: Finished Create Static Device Nodes in /dev.
Mar 15 22:37:01 argente-VirtualBox systemd[1]: Reached target Preparation for Local File Systems.
Mar 15 22:37:01 argente-VirtualBox systemd[1]: Mounting Mount unit for bare, revision 5...
Mar 15 22:37:01 argente-VirtualBox kernel: vmwgfx 0000:00:02.0: vgaarb: deactivate vga console
Mar 15 22:37:01 argente-VirtualBox kernel: Console: switching to colour dummy device 80x25
Mar 15 22:37:01 argente-VirtualBox kernel: vmwgfx 0000:00:02.0: [drm] FIFO at 0x00000000f0000000 size is 2048 kiB
Mar 15 22:37:01 argente-VirtualBox kernel: vmwgfx 0000:00:02.0: [drm] VRAM at 0x00000000e0000000 size is 16384 kiB
Mar 15 22:37:01 argente-VirtualBox kernel: vmwgfx 0000:00:02.0: [drm] Running on SVGA version 2.
Mar 15 22:37:01 argente-VirtualBox kernel: vmwgfx 0000:00:02.0: [drm] Capabilities: rect copy, cursor, cursor bypass, cursor bypass 2, alpha cursor, extended fifo, pitchlock, irq mask, gmr, traces, gmr2, screen object 2, command buffers, 
Mar 15 22:37:01 argente-VirtualBox kernel: vmwgfx 0000:00:02.0: [drm] DMA map mode: Caching DMA mappings.
Mar 15 22:37:01 argente-VirtualBox kernel: vmwgfx 0000:00:02.0: [drm] Legacy memory limits: VRAM = 16384 kB, FIFO = 2048 kB, surface = 507904 kB
Mar 15 22:37:01 argente-VirtualBox kernel: vmwgfx 0000:00:02.0: [drm] MOB limits: max mob size = 0 kB, max mob pages = 0
Mar 15 22:37:01 argente-VirtualBox kernel: vmwgfx 0000:00:02.0: [drm] Max GMR ids is 8192
Mar 15 22:37:01 argente-VirtualBox kernel: vmwgfx 0000:00:02.0: [drm] Max number of GMR pages is 1048576
Mar 15 22:37:01 argente-VirtualBox kernel: vmwgfx 0000:00:02.0: [drm] Maximum display memory size is 16384 kiB
Mar 15 22:37:01 argente-VirtualBox systemd[1]: Mounting Mount unit for core20, revision 1587...
Mar 15 22:37:01 argente-VirtualBox systemd[1]: Mounting Mount unit for firefox, revision 1635...
Mar 15 22:37:01 argente-VirtualBox systemd[1]: Mounting Mount unit for gnome-3-38-2004, revision 112...
Mar 15 22:37:01 argente-VirtualBox kernel: loop0: detected capacity change from 0 to 8
Mar 15 22:37:01 argente-VirtualBox kernel: loop1: detected capacity change from 0 to 820832
Mar 15 22:37:01 argente-VirtualBox kernel: loop2: detected capacity change from 0 to 126896
Mar 15 22:37:01 argente-VirtualBox kernel: loop3: detected capacity change from 0 to 334424
Mar 15 22:37:01 argente-VirtualBox kernel: vmwgfx 0000:00:02.0: [drm] Screen Object display unit initialized
Mar 15 22:37:01 argente-VirtualBox kernel: vmwgfx 0000:00:02.0: [drm] Fifo max 0x00200000 min 0x00001000 cap 0x00000355
Mar 15 22:37:01 argente-VirtualBox kernel: vmwgfx 0000:00:02.0: [drm] Using command buffers with DMA pool.
Mar 15 22:37:01 argente-VirtualBox kernel: vmwgfx 0000:00:02.0: [drm] Available shader model: Legacy.
Mar 15 22:37:01 argente-VirtualBox kernel: [drm:vmw_host_printf [vmwgfx]] *ERROR* Failed to send host log message.
Mar 15 22:37:01 argente-VirtualBox kernel: fbcon: svgadrmfb (fb0) is primary device
Mar 15 22:37:01 argente-VirtualBox systemd[1]: Mounting Mount unit for gtk-common-themes, revision 1535...
Mar 15 22:37:01 argente-VirtualBox systemd-modules-load[246]: Inserted module 'vmwgfx'
Mar 15 22:37:01 argente-VirtualBox kernel: Console: switching to colour frame buffer device 100x37
Mar 15 22:37:01 argente-VirtualBox kernel: [drm] Initialized vmwgfx 2.20.0 20211206 for 0000:00:02.0 on minor 0
Mar 15 22:37:01 argente-VirtualBox kernel: loop4: detected capacity change from 0 to 187776
Mar 15 22:37:01 argente-VirtualBox systemd[1]: Mounting Mount unit for snap-store, revision 582...
Mar 15 22:37:01 argente-VirtualBox systemd[1]: Mounting Mount unit for snapd, revision 16292...
Mar 15 22:37:01 argente-VirtualBox systemd[1]: Mounting Mount unit for snapd-desktop-integration, revision 14...
Mar 15 22:37:01 argente-VirtualBox kernel: loop5: detected capacity change from 0 to 93928
Mar 15 22:37:01 argente-VirtualBox systemd[1]: Starting Rule-based Manager for Device Events and Files...
Mar 15 22:37:01 argente-VirtualBox kernel: loop6: detected capacity change from 0 to 568
Mar 15 22:37:01 argente-VirtualBox kernel: loop7: detected capacity change from 0 to 96176
Mar 15 22:37:01 argente-VirtualBox systemd[1]: Finished Load Kernel Modules.
Mar 15 22:37:01 argente-VirtualBox systemd[1]: Finished Coldplug All udev Devices.
Mar 15 22:37:01 argente-VirtualBox systemd[1]: Finished Flush Journal to Persistent Storage.
Mar 15 22:37:01 argente-VirtualBox systemd[1]: Mounted Mount unit for bare, revision 5.
Mar 15 22:37:01 argente-VirtualBox systemd[1]: Mounted Mount unit for core20, revision 1587.
Mar 15 22:37:01 argente-VirtualBox systemd[1]: Mounted Mount unit for firefox, revision 1635.
Mar 15 22:37:01 argente-VirtualBox systemd[1]: Mounted Mount unit for gnome-3-38-2004, revision 112.
Mar 15 22:37:01 argente-VirtualBox systemd[1]: Mounted Mount unit for gtk-common-themes, revision 1535.
Mar 15 22:37:01 argente-VirtualBox systemd[1]: Mounted Mount unit for snap-store, revision 582.
Mar 15 22:37:01 argente-VirtualBox systemd[1]: Mounted Mount unit for snapd, revision 16292.
Mar 15 22:37:01 argente-VirtualBox systemd[1]: Mounted Mount unit for snapd-desktop-integration, revision 14.
Mar 15 22:37:01 argente-VirtualBox systemd[1]: Starting Apply Kernel Variables...
Mar 15 22:37:01 argente-VirtualBox systemd[1]: Finished Apply Kernel Variables.
Mar 15 22:37:01 argente-VirtualBox systemd[1]: Started Rule-based Manager for Device Events and Files.
Mar 15 22:37:01 argente-VirtualBox systemd[1]: Starting Show Plymouth Boot Screen...
Mar 15 22:37:01 argente-VirtualBox systemd[1]: Received SIGRTMIN+20 from PID 294 (plymouthd).
Mar 15 22:37:01 argente-VirtualBox systemd[1]: Started Show Plymouth Boot Screen.
Mar 15 22:37:01 argente-VirtualBox systemd[1]: Condition check resulted in Dispatch Password Requests to Console Directory Watch being skipped.
Mar 15 22:37:01 argente-VirtualBox systemd[1]: Started Forward Password Requests to Plymouth Directory Watch.
Mar 15 22:37:01 argente-VirtualBox systemd[1]: Reached target Local Encrypted Volumes.
Mar 15 22:37:01 argente-VirtualBox systemd-udevd[288]: Using default interface naming scheme 'v249'.
Mar 15 22:37:01 argente-VirtualBox kernel: vboxguest: host-version: 7.0.6r155176 0x8000000f
Mar 15 22:37:01 argente-VirtualBox kernel: vbg_heartbeat_init: Setting up heartbeat to trigger every 2000 milliseconds
Mar 15 22:37:01 argente-VirtualBox kernel: input: VirtualBox mouse integration as /devices/pci0000:00/0000:00:04.0/input/input7
Mar 15 22:37:01 argente-VirtualBox kernel: vboxguest: misc device minor 123, IRQ 20, I/O port d040, MMIO at 0x00000000f0400000 (size 0x0000000000400000)
Mar 15 22:37:01 argente-VirtualBox mtp-probe[316]: checking bus 2, device 2: "/sys/devices/pci0000:00/0000:00:06.0/usb2/2-1"
Mar 15 22:37:01 argente-VirtualBox mtp-probe[316]: bus: 2, device: 2 was not an MTP device
Mar 15 22:37:01 argente-VirtualBox systemd-udevd[286]: sda: Process '/usr/bin/unshare -m /usr/bin/snap auto-import --mount=/dev/sda' failed with exit code 1.
Mar 15 22:37:01 argente-VirtualBox kernel: cryptd: max_cpu_qlen set to 1000
Mar 15 22:37:01 argente-VirtualBox kernel: AVX2 version of gcm_enc/dec engaged.
Mar 15 22:37:01 argente-VirtualBox kernel: AES CTR mode by8 optimization enabled
Mar 15 22:37:01 argente-VirtualBox systemd-udevd[297]: sr0: Process '/usr/bin/unshare -m /usr/bin/snap auto-import --mount=/dev/sr0' failed with exit code 1.
Mar 15 22:37:01 argente-VirtualBox systemd[1]: Listening on Load/Save RF Kill Switch Status /dev/rfkill Watch.
Mar 15 22:37:02 argente-VirtualBox systemd-udevd[286]: sda1: Process '/usr/bin/unshare -m /usr/bin/snap auto-import --mount=/dev/sda1' failed with exit code 1.
Mar 15 22:37:02 argente-VirtualBox systemd-udevd[289]: sda3: Process '/usr/bin/unshare -m /usr/bin/snap auto-import --mount=/dev/sda3' failed with exit code 1.
Mar 15 22:37:02 argente-VirtualBox systemd-udevd[297]: sda2: Process '/usr/bin/unshare -m /usr/bin/snap auto-import --mount=/dev/sda2' failed with exit code 1.
Mar 15 22:37:02 argente-VirtualBox systemd[1]: Found device VBOX_HARDDISK EFI\x20System\x20Partition.
Mar 15 22:37:02 argente-VirtualBox systemd[1]: Starting File System Check on /dev/disk/by-uuid/5418-8E47...
Mar 15 22:37:02 argente-VirtualBox kernel: intel_rapl_common: Found RAPL domain package
Mar 15 22:37:02 argente-VirtualBox kernel: intel_rapl_common: Found RAPL domain core
Mar 15 22:37:02 argente-VirtualBox systemd[1]: Started File System Check Daemon to report status.
Mar 15 22:37:02 argente-VirtualBox systemd-fsck[407]: fsck.fat 4.2 (2021-01-31)
Mar 15 22:37:02 argente-VirtualBox systemd-fsck[407]: /dev/sda2: 11 files, 1554/131063 clusters
Mar 15 22:37:02 argente-VirtualBox systemd[1]: Finished File System Check on /dev/disk/by-uuid/5418-8E47.
Mar 15 22:37:02 argente-VirtualBox systemd[1]: Mounting /boot/efi...
Mar 15 22:37:02 argente-VirtualBox systemd[1]: Mounted /boot/efi.
Mar 15 22:37:02 argente-VirtualBox systemd[1]: Reached target Local File Systems.
Mar 15 22:37:02 argente-VirtualBox systemd[1]: Starting Load AppArmor profiles...
Mar 15 22:37:02 argente-VirtualBox systemd[1]: Starting Set console font and keymap...
Mar 15 22:37:02 argente-VirtualBox systemd[1]: Starting Tell Plymouth To Write Out Runtime Data...
Mar 15 22:37:02 argente-VirtualBox systemd[1]: Condition check resulted in Set Up Additional Binary Formats being skipped.
Mar 15 22:37:02 argente-VirtualBox systemd[1]: Condition check resulted in Store a System Token in an EFI Variable being skipped.
Mar 15 22:37:02 argente-VirtualBox systemd[1]: Starting Commit a transient machine-id on disk...
Mar 15 22:37:02 argente-VirtualBox apparmor.systemd[416]: Restarting AppArmor
Mar 15 22:37:02 argente-VirtualBox apparmor.systemd[416]: Reloading AppArmor profiles
Mar 15 22:37:02 argente-VirtualBox systemd[1]: Starting Create Volatile Files and Directories...
Mar 15 22:37:02 argente-VirtualBox systemd[1]: Starting Uncomplicated firewall...
Mar 15 22:37:02 argente-VirtualBox systemd[1]: Finished Set console font and keymap.
Mar 15 22:37:02 argente-VirtualBox systemd[1]: Finished Tell Plymouth To Write Out Runtime Data.
Mar 15 22:37:02 argente-VirtualBox systemd[1]: Received SIGRTMIN+20 from PID 294 (plymouthd).
Mar 15 22:37:02 argente-VirtualBox systemd[1]: Finished Uncomplicated firewall.
Mar 15 22:37:02 argente-VirtualBox systemd[1]: Reached target Preparation for Network.
Mar 15 22:37:02 argente-VirtualBox systemd[1]: etc-machine\x2did.mount: Deactivated successfully.
Mar 15 22:37:02 argente-VirtualBox systemd[1]: Finished Commit a transient machine-id on disk.
Mar 15 22:37:02 argente-VirtualBox systemd[1]: Finished Create Volatile Files and Directories.
Mar 15 22:37:02 argente-VirtualBox systemd[1]: Starting Userspace Out-Of-Memory (OOM) Killer...
Mar 15 22:37:02 argente-VirtualBox systemd[1]: Starting Network Name Resolution...
Mar 15 22:37:02 argente-VirtualBox systemd[1]: Starting Network Time Synchronization...
Mar 15 22:37:02 argente-VirtualBox systemd[1]: Starting Record System Boot/Shutdown in UTMP...
Mar 15 22:37:02 argente-VirtualBox systemd[1]: Finished Record System Boot/Shutdown in UTMP.
Mar 15 22:37:02 argente-VirtualBox audit[515]: AVC apparmor="STATUS" operation="profile_load" profile="unconfined" name="lsb_release" pid=515 comm="apparmor_parser"
Mar 15 22:37:02 argente-VirtualBox kernel: audit: type=1400 audit(1678891022.619:2): apparmor="STATUS" operation="profile_load" profile="unconfined" name="lsb_release" pid=515 comm="apparmor_parser"
Mar 15 22:37:02 argente-VirtualBox systemd[1]: Started Userspace Out-Of-Memory (OOM) Killer.
Mar 15 22:37:02 argente-VirtualBox systemd[1]: Started Network Time Synchronization.
Mar 15 22:37:02 argente-VirtualBox systemd[1]: Reached target System Time Set.
Mar 15 22:37:02 argente-VirtualBox systemd-resolved[518]: Positive Trust Anchors:
Mar 15 22:37:02 argente-VirtualBox systemd-resolved[518]: . IN DS 20326 8 2 e06d44b80b8f1d39a95c0b0d7c65d08458e880409bbc683457104237c7f8ec8d
Mar 15 22:37:02 argente-VirtualBox systemd-resolved[518]: Negative trust anchors: home.arpa 10.in-addr.arpa 16.172.in-addr.arpa 17.172.in-addr.arpa 18.172.in-addr.arpa 19.172.in-addr.arpa 20.172.in-addr.arpa 21.172.in-addr.arpa 22.172.in-addr.arpa 23.172.in-addr.arpa 24.172.in-addr.arpa 25.172.in-addr.arpa 26.172.in-addr.arpa 27.172.in-addr.arpa 28.172.in-addr.arpa 29.172.in-addr.arpa 30.172.in-addr.arpa 31.172.in-addr.arpa 168.192.in-addr.arpa d.f.ip6.arpa corp home internal intranet lan local private test
Mar 15 22:37:02 argente-VirtualBox systemd-resolved[518]: Using system hostname 'argente-VirtualBox'.
Mar 15 22:37:02 argente-VirtualBox systemd[1]: Started Network Name Resolution.
Mar 15 22:37:02 argente-VirtualBox systemd[1]: Reached target Host and Network Name Lookups.
Mar 15 22:37:02 argente-VirtualBox kernel: snd_intel8x0 0000:00:05.0: allow list rate for 1028:0177 is 48000
Mar 15 22:37:02 argente-VirtualBox audit[551]: AVC apparmor="STATUS" operation="profile_load" profile="unconfined" name="nvidia_modprobe" pid=551 comm="apparmor_parser"
Mar 15 22:37:02 argente-VirtualBox audit[551]: AVC apparmor="STATUS" operation="profile_load" profile="unconfined" name="nvidia_modprobe//kmod" pid=551 comm="apparmor_parser"
Mar 15 22:37:02 argente-VirtualBox kernel: audit: type=1400 audit(1678891022.759:3): apparmor="STATUS" operation="profile_load" profile="unconfined" name="nvidia_modprobe" pid=551 comm="apparmor_parser"
Mar 15 22:37:02 argente-VirtualBox kernel: audit: type=1400 audit(1678891022.759:4): apparmor="STATUS" operation="profile_load" profile="unconfined" name="nvidia_modprobe//kmod" pid=551 comm="apparmor_parser"
Mar 15 22:37:02 argente-VirtualBox systemd-udevd[285]: controlC0: Process '/usr/sbin/alsactl -E HOME=/run/alsa -E XDG_RUNTIME_DIR=/run/alsa/runtime restore 0' failed with exit code 99.
Mar 15 22:37:02 argente-VirtualBox systemd[1]: Condition check resulted in Dispatch Password Requests to Console Directory Watch being skipped.
Mar 15 22:37:02 argente-VirtualBox systemd[1]: Starting Load Kernel Module chromeos_pstore...
Mar 15 22:37:02 argente-VirtualBox systemd[1]: Starting Load Kernel Module efi_pstore...
Mar 15 22:37:02 argente-VirtualBox systemd[1]: Starting Load Kernel Module mtdpstore...
Mar 15 22:37:02 argente-VirtualBox systemd[1]: Starting Load Kernel Module pstore_blk...
Mar 15 22:37:02 argente-VirtualBox kernel: mtd device must be supplied (device name is empty)
Mar 15 22:37:02 argente-VirtualBox systemd[1]: Starting Load Kernel Module pstore_zone...
Mar 15 22:37:02 argente-VirtualBox systemd[1]: Starting Load Kernel Module ramoops...
Mar 15 22:37:02 argente-VirtualBox systemd[1]: Condition check resulted in Set Up Additional Binary Formats being skipped.
Mar 15 22:37:02 argente-VirtualBox systemd[1]: Condition check resulted in Store a System Token in an EFI Variable being skipped.
Mar 15 22:37:02 argente-VirtualBox systemd[1]: modprobe@chromeos_pstore.service: Deactivated successfully.
Mar 15 22:37:02 argente-VirtualBox systemd[1]: Finished Load Kernel Module chromeos_pstore.
Mar 15 22:37:02 argente-VirtualBox systemd[1]: modprobe@efi_pstore.service: Deactivated successfully.
Mar 15 22:37:02 argente-VirtualBox systemd[1]: Finished Load Kernel Module efi_pstore.
Mar 15 22:37:02 argente-VirtualBox systemd[1]: modprobe@mtdpstore.service: Deactivated successfully.
Mar 15 22:37:02 argente-VirtualBox systemd[1]: Finished Load Kernel Module mtdpstore.
Mar 15 22:37:02 argente-VirtualBox systemd[1]: modprobe@pstore_blk.service: Deactivated successfully.
Mar 15 22:37:02 argente-VirtualBox systemd[1]: Finished Load Kernel Module pstore_blk.
Mar 15 22:37:02 argente-VirtualBox systemd[1]: modprobe@pstore_zone.service: Deactivated successfully.
Mar 15 22:37:02 argente-VirtualBox systemd[1]: Finished Load Kernel Module pstore_zone.
Mar 15 22:37:02 argente-VirtualBox systemd[1]: modprobe@ramoops.service: Deactivated successfully.
Mar 15 22:37:02 argente-VirtualBox systemd[1]: Finished Load Kernel Module ramoops.
Mar 15 22:37:02 argente-VirtualBox systemd[1]: Condition check resulted in Platform Persistent Storage Archival being skipped.
Mar 15 22:37:02 argente-VirtualBox audit[571]: AVC apparmor="STATUS" operation="profile_load" profile="unconfined" name="/usr/lib/NetworkManager/nm-dhcp-client.action" pid=571 comm="apparmor_parser"
Mar 15 22:37:03 argente-VirtualBox kernel: audit: type=1400 audit(1678891022.999:5): apparmor="STATUS" operation="profile_load" profile="unconfined" name="/usr/lib/NetworkManager/nm-dhcp-client.action" pid=571 comm="apparmor_parser"
Mar 15 22:37:02 argente-VirtualBox audit[571]: AVC apparmor="STATUS" operation="profile_load" profile="unconfined" name="/usr/lib/NetworkManager/nm-dhcp-helper" pid=571 comm="apparmor_parser"
Mar 15 22:37:02 argente-VirtualBox audit[571]: AVC apparmor="STATUS" operation="profile_load" profile="unconfined" name="/usr/lib/connman/scripts/dhclient-script" pid=571 comm="apparmor_parser"
Mar 15 22:37:02 argente-VirtualBox audit[571]: AVC apparmor="STATUS" operation="profile_load" profile="unconfined" name="/{,usr/}sbin/dhclient" pid=571 comm="apparmor_parser"
Mar 15 22:37:03 argente-VirtualBox kernel: audit: type=1400 audit(1678891022.999:6): apparmor="STATUS" operation="profile_load" profile="unconfined" name="/usr/lib/NetworkManager/nm-dhcp-helper" pid=571 comm="apparmor_parser"
Mar 15 22:37:03 argente-VirtualBox kernel: audit: type=1400 audit(1678891022.999:7): apparmor="STATUS" operation="profile_load" profile="unconfined" name="/usr/lib/connman/scripts/dhclient-script" pid=571 comm="apparmor_parser"
Mar 15 22:37:03 argente-VirtualBox kernel: audit: type=1400 audit(1678891022.999:8): apparmor="STATUS" operation="profile_load" profile="unconfined" name="/{,usr/}sbin/dhclient" pid=571 comm="apparmor_parser"
Mar 15 22:37:05 argente-VirtualBox audit[579]: AVC apparmor="STATUS" operation="profile_load" profile="unconfined" name="/usr/bin/evince" pid=579 comm="apparmor_parser"
Mar 15 22:37:05 argente-VirtualBox kernel: audit: type=1400 audit(1678891025.407:9): apparmor="STATUS" operation="profile_load" profile="unconfined" name="/usr/bin/evince" pid=579 comm="apparmor_parser"
Mar 15 22:37:05 argente-VirtualBox audit[579]: AVC apparmor="STATUS" operation="profile_load" profile="unconfined" name="/usr/bin/evince//sanitized_helper" pid=579 comm="apparmor_parser"
Mar 15 22:37:05 argente-VirtualBox audit[579]: AVC apparmor="STATUS" operation="profile_load" profile="unconfined" name="/usr/bin/evince-previewer" pid=579 comm="apparmor_parser"
Mar 15 22:37:05 argente-VirtualBox kernel: audit: type=1400 audit(1678891025.411:10): apparmor="STATUS" operation="profile_load" profile="unconfined" name="/usr/bin/evince//sanitized_helper" pid=579 comm="apparmor_parser"
Mar 15 22:37:05 argente-VirtualBox kernel: audit: type=1400 audit(1678891025.411:11): apparmor="STATUS" operation="profile_load" profile="unconfined" name="/usr/bin/evince-previewer" pid=579 comm="apparmor_parser"
Mar 15 22:37:05 argente-VirtualBox audit[579]: AVC apparmor="STATUS" operation="profile_load" profile="unconfined" name="/usr/bin/evince-previewer//sanitized_helper" pid=579 comm="apparmor_parser"
Mar 15 22:37:05 argente-VirtualBox audit[579]: AVC apparmor="STATUS" operation="profile_load" profile="unconfined" name="/usr/bin/evince-thumbnailer" pid=579 comm="apparmor_parser"
Mar 15 22:37:05 argente-VirtualBox kernel: audit: type=1400 audit(1678891025.415:12): apparmor="STATUS" operation="profile_load" profile="unconfined" name="/usr/bin/evince-previewer//sanitized_helper" pid=579 comm="apparmor_parser"
Mar 15 22:37:05 argente-VirtualBox kernel: audit: type=1400 audit(1678891025.415:13): apparmor="STATUS" operation="profile_load" profile="unconfined" name="/usr/bin/evince-thumbnailer" pid=579 comm="apparmor_parser"
Mar 15 22:37:05 argente-VirtualBox audit[580]: AVC apparmor="STATUS" operation="profile_load" profile="unconfined" name="/usr/bin/man" pid=580 comm="apparmor_parser"
Mar 15 22:37:05 argente-VirtualBox audit[580]: AVC apparmor="STATUS" operation="profile_load" profile="unconfined" name="man_filter" pid=580 comm="apparmor_parser"
Mar 15 22:37:05 argente-VirtualBox audit[580]: AVC apparmor="STATUS" operation="profile_load" profile="unconfined" name="man_groff" pid=580 comm="apparmor_parser"
Mar 15 22:37:05 argente-VirtualBox kernel: audit: type=1400 audit(1678891025.503:14): apparmor="STATUS" operation="profile_load" profile="unconfined" name="/usr/bin/man" pid=580 comm="apparmor_parser"
Mar 15 22:37:05 argente-VirtualBox kernel: audit: type=1400 audit(1678891025.503:15): apparmor="STATUS" operation="profile_load" profile="unconfined" name="man_filter" pid=580 comm="apparmor_parser"
Mar 15 22:37:05 argente-VirtualBox kernel: audit: type=1400 audit(1678891025.503:16): apparmor="STATUS" operation="profile_load" profile="unconfined" name="man_groff" pid=580 comm="apparmor_parser"
Mar 15 22:37:05 argente-VirtualBox audit[581]: AVC apparmor="STATUS" operation="profile_load" profile="unconfined" name="tcpdump" pid=581 comm="apparmor_parser"
Mar 15 22:37:05 argente-VirtualBox kernel: audit: type=1400 audit(1678891025.611:17): apparmor="STATUS" operation="profile_load" profile="unconfined" name="tcpdump" pid=581 comm="apparmor_parser"
Mar 15 22:37:05 argente-VirtualBox audit[582]: AVC apparmor="STATUS" operation="profile_load" profile="unconfined" name="libreoffice-oosplash" pid=582 comm="apparmor_parser"
Mar 15 22:37:05 argente-VirtualBox kernel: audit: type=1400 audit(1678891025.659:18): apparmor="STATUS" operation="profile_load" profile="unconfined" name="libreoffice-oosplash" pid=582 comm="apparmor_parser"
Mar 15 22:37:05 argente-VirtualBox audit[583]: AVC apparmor="STATUS" operation="profile_load" profile="unconfined" name="libreoffice-senddoc" pid=583 comm="apparmor_parser"
Mar 15 22:37:11 argente-VirtualBox audit[584]: AVC apparmor="STATUS" operation="profile_load" profile="unconfined" name="libreoffice-soffice" pid=584 comm="apparmor_parser"
Mar 15 22:37:11 argente-VirtualBox kernel: kauditd_printk_skb: 1 callbacks suppressed
Mar 15 22:37:11 argente-VirtualBox kernel: audit: type=1400 audit(1678891031.167:20): apparmor="STATUS" operation="profile_load" profile="unconfined" name="libreoffice-soffice" pid=584 comm="apparmor_parser"
Mar 15 22:37:11 argente-VirtualBox audit[584]: AVC apparmor="STATUS" operation="profile_load" profile="unconfined" name="libreoffice-soffice//gpg" pid=584 comm="apparmor_parser"
Mar 15 22:37:11 argente-VirtualBox kernel: audit: type=1400 audit(1678891031.171:21): apparmor="STATUS" operation="profile_load" profile="unconfined" name="libreoffice-soffice//gpg" pid=584 comm="apparmor_parser"
Mar 15 22:37:11 argente-VirtualBox audit[585]: AVC apparmor="STATUS" operation="profile_load" profile="unconfined" name="libreoffice-xpdfimport" pid=585 comm="apparmor_parser"
Mar 15 22:37:11 argente-VirtualBox kernel: audit: type=1400 audit(1678891031.207:22): apparmor="STATUS" operation="profile_load" profile="unconfined" name="libreoffice-xpdfimport" pid=585 comm="apparmor_parser"
Mar 15 22:37:11 argente-VirtualBox audit[586]: AVC apparmor="STATUS" operation="profile_load" profile="unconfined" name="/usr/lib/snapd/snap-confine" pid=586 comm="apparmor_parser"
Mar 15 22:37:11 argente-VirtualBox audit[586]: AVC apparmor="STATUS" operation="profile_load" profile="unconfined" name="/usr/lib/snapd/snap-confine//mount-namespace-capture-helper" pid=586 comm="apparmor_parser"
Mar 15 22:37:11 argente-VirtualBox kernel: audit: type=1400 audit(1678891031.435:23): apparmor="STATUS" operation="profile_load" profile="unconfined" name="/usr/lib/snapd/snap-confine" pid=586 comm="apparmor_parser"
Mar 15 22:37:11 argente-VirtualBox kernel: audit: type=1400 audit(1678891031.435:24): apparmor="STATUS" operation="profile_load" profile="unconfined" name="/usr/lib/snapd/snap-confine//mount-namespace-capture-helper" pid=586 comm="apparmor_parser"
Mar 15 22:37:11 argente-VirtualBox audit[587]: AVC apparmor="STATUS" operation="profile_load" profile="unconfined" name="/usr/sbin/cups-browsed" pid=587 comm="apparmor_parser"
Mar 15 22:37:11 argente-VirtualBox kernel: audit: type=1400 audit(1678891031.535:25): apparmor="STATUS" operation="profile_load" profile="unconfined" name="/usr/sbin/cups-browsed" pid=587 comm="apparmor_parser"
Mar 15 22:37:11 argente-VirtualBox audit[588]: AVC apparmor="STATUS" operation="profile_load" profile="unconfined" name="/usr/lib/cups/backend/cups-pdf" pid=588 comm="apparmor_parser"
Mar 15 22:37:11 argente-VirtualBox audit[588]: AVC apparmor="STATUS" operation="profile_load" profile="unconfined" name="/usr/sbin/cupsd" pid=588 comm="apparmor_parser"
Mar 15 22:37:11 argente-VirtualBox kernel: audit: type=1400 audit(1678891031.799:26): apparmor="STATUS" operation="profile_load" profile="unconfined" name="/usr/lib/cups/backend/cups-pdf" pid=588 comm="apparmor_parser"
Mar 15 22:37:11 argente-VirtualBox kernel: audit: type=1400 audit(1678891031.799:27): apparmor="STATUS" operation="profile_load" profile="unconfined" name="/usr/sbin/cupsd" pid=588 comm="apparmor_parser"
Mar 15 22:37:11 argente-VirtualBox audit[588]: AVC apparmor="STATUS" operation="profile_load" profile="unconfined" name="/usr/sbin/cupsd//third_party" pid=588 comm="apparmor_parser"
Mar 15 22:37:11 argente-VirtualBox apparmor.systemd[589]: Skipping profile in /etc/apparmor.d/disable: usr.sbin.rsyslogd
Mar 15 22:37:11 argente-VirtualBox systemd[1]: Finished Load AppArmor profiles.
Mar 15 22:37:11 argente-VirtualBox systemd[1]: Starting Load AppArmor profiles managed internally by snapd...
Mar 15 22:37:11 argente-VirtualBox systemd[1]: Condition check resulted in Authentication service for virtual machines hosted on VMware being skipped.
Mar 15 22:37:11 argente-VirtualBox systemd[1]: Condition check resulted in Service for virtual machines hosted on VMware being skipped.
Mar 15 22:37:11 argente-VirtualBox kernel: audit: type=1400 audit(1678891031.799:28): apparmor="STATUS" operation="profile_load" profile="unconfined" name="/usr/sbin/cupsd//third_party" pid=588 comm="apparmor_parser"
Mar 15 22:37:12 argente-VirtualBox audit[599]: AVC apparmor="STATUS" operation="profile_load" profile="unconfined" name="/snap/snapd/16292/usr/lib/snapd/snap-confine" pid=599 comm="apparmor_parser"
Mar 15 22:37:12 argente-VirtualBox kernel: audit: type=1400 audit(1678891032.171:29): apparmor="STATUS" operation="profile_load" profile="unconfined" name="/snap/snapd/16292/usr/lib/snapd/snap-confine" pid=599 comm="apparmor_parser"
Mar 15 22:37:12 argente-VirtualBox audit[599]: AVC apparmor="STATUS" operation="profile_load" profile="unconfined" name="/snap/snapd/16292/usr/lib/snapd/snap-confine//mount-namespace-capture-helper" pid=599 comm="apparmor_parser"
Mar 15 22:37:13 argente-VirtualBox audit[600]: AVC apparmor="STATUS" operation="profile_load" profile="unconfined" name="snap-update-ns.firefox" pid=600 comm="apparmor_parser"
Mar 15 22:37:14 argente-VirtualBox audit[601]: AVC apparmor="STATUS" operation="profile_load" profile="unconfined" name="snap-update-ns.snap-store" pid=601 comm="apparmor_parser"
Mar 15 22:37:15 argente-VirtualBox audit[602]: AVC apparmor="STATUS" operation="profile_load" profile="unconfined" name="snap-update-ns.snapd-desktop-integration" pid=602 comm="apparmor_parser"
Mar 15 22:37:17 argente-VirtualBox audit[603]: AVC apparmor="STATUS" operation="profile_load" profile="unconfined" name="snap.firefox.firefox" pid=603 comm="apparmor_parser"
Mar 15 22:37:17 argente-VirtualBox kernel: kauditd_printk_skb: 4 callbacks suppressed
Mar 15 22:37:17 argente-VirtualBox kernel: audit: type=1400 audit(1678891037.279:34): apparmor="STATUS" operation="profile_load" profile="unconfined" name="snap.firefox.firefox" pid=603 comm="apparmor_parser"
Mar 15 22:37:19 argente-VirtualBox audit[604]: AVC apparmor="STATUS" operation="profile_load" profile="unconfined" name="snap.firefox.geckodriver" pid=604 comm="apparmor_parser"
Mar 15 22:37:19 argente-VirtualBox kernel: audit: type=1400 audit(1678891039.199:35): apparmor="STATUS" operation="profile_load" profile="unconfined" name="snap.firefox.geckodriver" pid=604 comm="apparmor_parser"
Mar 15 22:37:19 argente-VirtualBox audit[605]: AVC apparmor="STATUS" operation="profile_load" profile="unconfined" name="snap.firefox.hook.configure" pid=605 comm="apparmor_parser"
Mar 15 22:37:19 argente-VirtualBox kernel: audit: type=1400 audit(1678891039.387:36): apparmor="STATUS" operation="profile_load" profile="unconfined" name="snap.firefox.hook.configure" pid=605 comm="apparmor_parser"
Mar 15 22:37:19 argente-VirtualBox audit[606]: AVC apparmor="STATUS" operation="profile_load" profile="unconfined" name="snap.snap-store.hook.configure" pid=606 comm="apparmor_parser"
Mar 15 22:37:19 argente-VirtualBox kernel: audit: type=1400 audit(1678891039.591:37): apparmor="STATUS" operation="profile_load" profile="unconfined" name="snap.snap-store.hook.configure" pid=606 comm="apparmor_parser"
Mar 15 22:37:20 argente-VirtualBox audit[607]: AVC apparmor="STATUS" operation="profile_load" profile="unconfined" name="snap.snap-store.snap-store" pid=607 comm="apparmor_parser"
Mar 15 22:37:20 argente-VirtualBox kernel: audit: type=1400 audit(1678891040.107:38): apparmor="STATUS" operation="profile_load" profile="unconfined" name="snap.snap-store.snap-store" pid=607 comm="apparmor_parser"
Mar 15 22:37:20 argente-VirtualBox audit[608]: AVC apparmor="STATUS" operation="profile_load" profile="unconfined" name="snap.snap-store.ubuntu-software" pid=608 comm="apparmor_parser"
Mar 15 22:37:20 argente-VirtualBox kernel: audit: type=1400 audit(1678891040.623:39): apparmor="STATUS" operation="profile_load" profile="unconfined" name="snap.snap-store.ubuntu-software" pid=608 comm="apparmor_parser"
Mar 15 22:37:21 argente-VirtualBox audit[609]: AVC apparmor="STATUS" operation="profile_load" profile="unconfined" name="snap.snap-store.ubuntu-software-local-file" pid=609 comm="apparmor_parser"
Mar 15 22:37:21 argente-VirtualBox kernel: audit: type=1400 audit(1678891041.151:40): apparmor="STATUS" operation="profile_load" profile="unconfined" name="snap.snap-store.ubuntu-software-local-file" pid=609 comm="apparmor_parser"
Mar 15 22:37:21 argente-VirtualBox audit[610]: AVC apparmor="STATUS" operation="profile_load" profile="unconfined" name="snap.snapd-desktop-integration.hook.configure" pid=610 comm="apparmor_parser"
Mar 15 22:37:21 argente-VirtualBox kernel: audit: type=1400 audit(1678891041.339:41): apparmor="STATUS" operation="profile_load" profile="unconfined" name="snap.snapd-desktop-integration.hook.configure" pid=610 comm="apparmor_parser"
Mar 15 22:37:21 argente-VirtualBox audit[611]: AVC apparmor="STATUS" operation="profile_load" profile="unconfined" name="snap.snapd-desktop-integration.snapd-desktop-integration" pid=611 comm="apparmor_parser"
Mar 15 22:37:21 argente-VirtualBox kernel: audit: type=1400 audit(1678891041.775:42): apparmor="STATUS" operation="profile_load" profile="unconfined" name="snap.snapd-desktop-integration.snapd-desktop-integration" pid=611 comm="apparmor_parser"
Mar 15 22:37:21 argente-VirtualBox systemd[1]: Finished Load AppArmor profiles managed internally by snapd.
Mar 15 22:37:21 argente-VirtualBox systemd[1]: Reached target System Initialization.
Mar 15 22:37:21 argente-VirtualBox systemd[1]: Started ACPI Events Check.
Mar 15 22:37:21 argente-VirtualBox systemd[1]: Condition check resulted in Process error reports when automatic reporting is enabled (file watch) being skipped.
Mar 15 22:37:21 argente-VirtualBox systemd[1]: Started CUPS Scheduler.
Mar 15 22:37:21 argente-VirtualBox systemd[1]: Started Start whoopsie on modification of the /var/crash directory.
Mar 15 22:37:21 argente-VirtualBox systemd[1]: Started Trigger anacron every hour.
Mar 15 22:37:21 argente-VirtualBox systemd[1]: Condition check resulted in Process error reports when automatic reporting is enabled (timer based) being skipped.
Mar 15 22:37:21 argente-VirtualBox systemd[1]: Started Daily apt download activities.
Mar 15 22:37:21 argente-VirtualBox systemd[1]: Started Daily apt upgrade and clean activities.
Mar 15 22:37:21 argente-VirtualBox systemd[1]: Started Daily dpkg database backup timer.
Mar 15 22:37:21 argente-VirtualBox systemd[1]: Started Periodic ext4 Online Metadata Check for All Filesystems.
Mar 15 22:37:21 argente-VirtualBox systemd[1]: Started Discard unused blocks once a week.
Mar 15 22:37:21 argente-VirtualBox systemd[1]: Started Refresh fwupd metadata regularly.
Mar 15 22:37:21 argente-VirtualBox systemd[1]: Started Daily rotation of log files.
Mar 15 22:37:21 argente-VirtualBox systemd[1]: Started Daily man-db regeneration.
Mar 15 22:37:21 argente-VirtualBox systemd[1]: Started Message of the Day.
Mar 15 22:37:21 argente-VirtualBox systemd[1]: Condition check resulted in Timer to automatically fetch and run repair assertions being skipped.
Mar 15 22:37:21 argente-VirtualBox systemd[1]: Started Daily Cleanup of Temporary Directories.
Mar 15 22:37:21 argente-VirtualBox systemd[1]: Started Ubuntu Advantage Timer for running repeated jobs.
Mar 15 22:37:21 argente-VirtualBox systemd[1]: Reached target Path Units.
Mar 15 22:37:21 argente-VirtualBox systemd[1]: Listening on ACPID Listen Socket.
Mar 15 22:37:21 argente-VirtualBox systemd[1]: Condition check resulted in Unix socket for apport crash forwarding being skipped.
Mar 15 22:37:21 argente-VirtualBox systemd[1]: Listening on Avahi mDNS/DNS-SD Stack Activation Socket.
Mar 15 22:37:21 argente-VirtualBox systemd[1]: Listening on CUPS Scheduler.
Mar 15 22:37:21 argente-VirtualBox systemd[1]: Listening on D-Bus System Message Bus Socket.
Mar 15 22:37:21 argente-VirtualBox systemd[1]: Starting Socket activation for snappy daemon...
Mar 15 22:37:21 argente-VirtualBox systemd[1]: Listening on UUID daemon activation socket.
Mar 15 22:37:21 argente-VirtualBox systemd[1]: Listening on Socket activation for snappy daemon.
Mar 15 22:37:21 argente-VirtualBox systemd[1]: Reached target Socket Units.
Mar 15 22:37:21 argente-VirtualBox systemd[1]: Reached target Basic System.
Mar 15 22:37:21 argente-VirtualBox systemd[1]: Starting Accounts Service...
Mar 15 22:37:21 argente-VirtualBox systemd[1]: Started ACPI event daemon.
Mar 15 22:37:21 argente-VirtualBox systemd[1]: Started Run anacron jobs.
Mar 15 22:37:21 argente-VirtualBox systemd[1]: Starting LSB: automatic crash report generation...
Mar 15 22:37:21 argente-VirtualBox systemd[1]: Starting Avahi mDNS/DNS-SD Stack...
Mar 15 22:37:21 argente-VirtualBox systemd[1]: Started Regular background program processing daemon.
Mar 15 22:37:21 argente-VirtualBox anacron[615]: Anacron 2.3 started on 2023-03-15
Mar 15 22:37:21 argente-VirtualBox cron[618]: (CRON) INFO (pidfile fd = 3)
Mar 15 22:37:21 argente-VirtualBox avahi-daemon[617]: Found user 'avahi' (UID 114) and group 'avahi' (GID 121).
Mar 15 22:37:21 argente-VirtualBox anacron[615]: Will run job `cron.daily' in 5 min.
Mar 15 22:37:21 argente-VirtualBox anacron[615]: Will run job `cron.weekly' in 10 min.
Mar 15 22:37:21 argente-VirtualBox anacron[615]: Will run job `cron.monthly' in 15 min.
Mar 15 22:37:21 argente-VirtualBox anacron[615]: Jobs will be executed sequentially
Mar 15 22:37:21 argente-VirtualBox cron[618]: (CRON) INFO (Running @reboot jobs)
Mar 15 22:37:21 argente-VirtualBox systemd[1]: Started D-Bus System Message Bus.
Mar 15 22:37:21 argente-VirtualBox systemd[1]: Starting Network Manager...
Mar 15 22:37:21 argente-VirtualBox systemd[1]: Started Save initial kernel messages after boot.
Mar 15 22:37:21 argente-VirtualBox systemd[1]: Starting Remove Stale Online ext4 Metadata Check Snapshots...
Mar 15 22:37:21 argente-VirtualBox systemd[1]: Condition check resulted in getty on tty2-tty6 if dbus and logind are not available being skipped.
Mar 15 22:37:21 argente-VirtualBox systemd[1]: Reached target Login Prompts.
Mar 15 22:37:21 argente-VirtualBox dbus-daemon[621]: dbus[621]: Unknown group "power" in message bus configuration file
Mar 15 22:37:21 argente-VirtualBox acpid[614]: starting up with netlink and the input layer
Mar 15 22:37:21 argente-VirtualBox systemd[1]: Starting Detect the available GPUs and deal with any system changes...
Mar 15 22:37:21 argente-VirtualBox acpid[614]: 8 rules loaded
Mar 15 22:37:21 argente-VirtualBox acpid[614]: waiting for events: event logging is off
Mar 15 22:37:21 argente-VirtualBox systemd[1]: Starting Record successful boot for GRUB...
Mar 15 22:37:21 argente-VirtualBox systemd[1]: Started irqbalance daemon.
Mar 15 22:37:21 argente-VirtualBox systemd[1]: Starting Dispatcher daemon for systemd-networkd...
Mar 15 22:37:21 argente-VirtualBox dbus-daemon[621]: [system] AppArmor D-Bus mediation is enabled
Mar 15 22:37:21 argente-VirtualBox systemd[1]: Starting Authorization Manager...
Mar 15 22:37:21 argente-VirtualBox systemd[1]: Starting Power Profiles daemon...
Mar 15 22:37:21 argente-VirtualBox /usr/sbin/irqbalance[633]: Balancing is ineffective on systems with a single cpu.  Shutting down
Mar 15 22:37:21 argente-VirtualBox systemd[1]: Starting System Logging Service...
Mar 15 22:37:21 argente-VirtualBox systemd[1]: Condition check resulted in Secure Boot updates for DB and DBX being skipped.
Mar 15 22:37:21 argente-VirtualBox systemd[1]: Condition check resulted in Automatically repair incorrect owner/permissions on core devices being skipped.
Mar 15 22:37:21 argente-VirtualBox systemd[1]: Condition check resulted in Wait for the Ubuntu Core chooser trigger being skipped.
Mar 15 22:37:21 argente-VirtualBox systemd[1]: Reached target Preparation for Logins.
Mar 15 22:37:22 argente-VirtualBox systemd[1]: Starting Snap Daemon...
Mar 15 22:37:22 argente-VirtualBox polkitd[637]: started daemon version 0.105 using authority implementation `local' version `0.105'
Mar 15 22:37:22 argente-VirtualBox systemd[1]: Starting Switcheroo Control Proxy service...
Mar 15 22:37:22 argente-VirtualBox NetworkManager[622]: <info>  [1678891042.0399] NetworkManager (version 1.36.6) is starting... (for the first time)
Mar 15 22:37:22 argente-VirtualBox NetworkManager[622]: <info>  [1678891042.0401] Read config: /etc/NetworkManager/NetworkManager.conf (lib: 10-dns-resolved.conf, 20-connectivity-ubuntu.conf, no-mac-addr-change.conf) (run: 10-globally-managed-devices.conf) (etc: default-wifi-powersave-on.conf)
Mar 15 22:37:22 argente-VirtualBox NetworkManager[622]: <info>  [1678891042.0488] bus-manager: acquired D-Bus service "org.freedesktop.NetworkManager"
Mar 15 22:37:22 argente-VirtualBox systemd[1]: Starting User Login Management...
Mar 15 22:37:22 argente-VirtualBox systemd[1]: Condition check resulted in Thermal Daemon Service being skipped.
Mar 15 22:37:22 argente-VirtualBox systemd[1]: Condition check resulted in Ubuntu Advantage reboot cmds being skipped.
Mar 15 22:37:22 argente-VirtualBox systemd[1]: Starting Disk Manager...
Mar 15 22:37:22 argente-VirtualBox NetworkManager[622]: <info>  [1678891042.0872] manager[0x55666a3db040]: monitoring kernel firmware directory '/lib/firmware'.
Mar 15 22:37:22 argente-VirtualBox systemd[1]: Starting WPA supplicant...
Mar 15 22:37:22 argente-VirtualBox NetworkManager[622]: <info>  [1678891042.0885] monitoring ifupdown state file '/run/network/ifstate'.
Mar 15 22:37:22 argente-VirtualBox dbus-daemon[621]: [system] Activating systemd to hand-off: service name='org.freedesktop.hostname1' unit='dbus-org.freedesktop.hostname1.service' requested by ':1.5' (uid=0 pid=622 comm="/usr/sbin/NetworkManager --no-daemon " label="unconfined")
Mar 15 22:37:22 argente-VirtualBox systemd[1]: e2scrub_reap.service: Deactivated successfully.
Mar 15 22:37:22 argente-VirtualBox udisksd[663]: udisks daemon version 2.9.4 starting
Mar 15 22:37:22 argente-VirtualBox systemd[1]: Finished Remove Stale Online ext4 Metadata Check Snapshots.
Mar 15 22:37:22 argente-VirtualBox systemd[1]: gpu-manager.service: Deactivated successfully.
Mar 15 22:37:22 argente-VirtualBox wpa_supplicant[666]: Successfully initialized wpa_supplicant
Mar 15 22:37:22 argente-VirtualBox systemd[1]: Finished Detect the available GPUs and deal with any system changes.
Mar 15 22:37:22 argente-VirtualBox systemd[1]: irqbalance.service: Deactivated successfully.
Mar 15 22:37:22 argente-VirtualBox dbus-daemon[621]: [system] Successfully activated service 'org.freedesktop.systemd1'
Mar 15 22:37:22 argente-VirtualBox udisksd[663]: failed to load module mdraid: libbd_mdraid.so.2: cannot open shared object file: No such file or directory
Mar 15 22:37:22 argente-VirtualBox avahi-daemon[617]: Successfully dropped root privileges.
Mar 15 22:37:22 argente-VirtualBox avahi-daemon[617]: avahi-daemon 0.8 starting up.
Mar 15 22:37:22 argente-VirtualBox avahi-daemon[617]: Successfully called chroot().
Mar 15 22:37:22 argente-VirtualBox avahi-daemon[617]: Successfully dropped remaining capabilities.
Mar 15 22:37:22 argente-VirtualBox avahi-daemon[617]: No service file found in /etc/avahi/services.
Mar 15 22:37:22 argente-VirtualBox avahi-daemon[617]: Joining mDNS multicast group on interface lo.IPv6 with address ::1.
Mar 15 22:37:22 argente-VirtualBox avahi-daemon[617]: New relevant interface lo.IPv6 for mDNS.
Mar 15 22:37:22 argente-VirtualBox avahi-daemon[617]: Joining mDNS multicast group on interface lo.IPv4 with address 127.0.0.1.
Mar 15 22:37:22 argente-VirtualBox avahi-daemon[617]: New relevant interface lo.IPv4 for mDNS.
Mar 15 22:37:22 argente-VirtualBox avahi-daemon[617]: Network interface enumeration completed.
Mar 15 22:37:22 argente-VirtualBox avahi-daemon[617]: Registering new address record for ::1 on lo.*.
Mar 15 22:37:22 argente-VirtualBox avahi-daemon[617]: Registering new address record for 127.0.0.1 on lo.IPv4.
Mar 15 22:37:22 argente-VirtualBox rsyslogd[647]: imuxsock: Acquired UNIX socket '/run/systemd/journal/syslog' (fd 3) from systemd.  [v8.2112.0]
Mar 15 22:37:22 argente-VirtualBox rsyslogd[647]: rsyslogd's groupid changed to 111
Mar 15 22:37:22 argente-VirtualBox rsyslogd[647]: rsyslogd's userid changed to 104
Mar 15 22:37:22 argente-VirtualBox rsyslogd[647]: [origin software="rsyslogd" swVersion="8.2112.0" x-pid="647" x-info="https://www.rsyslog.com"] start
